Component: ARM Compiler 5.06 update 6 (build 750) Tool: armlink [4d35ed]

==============================================================================

Section Cross References

    main.o(i.Error_Handler) refers to _printf_pad.o(.text) for _printf_pre_padding
    main.o(i.Error_Handler) refers to _printf_percent.o(.ARM.Collect$$_printf_percent$$00000000) for _printf_percent
    main.o(i.Error_Handler) refers to _printf_p.o(.ARM.Collect$$_printf_percent$$00000002) for _printf_p
    main.o(i.Error_Handler) refers to _printf_s.o(.ARM.Collect$$_printf_percent$$00000014) for _printf_s
    main.o(i.Error_Handler) refers to _printf_n.o(.ARM.Collect$$_printf_percent$$00000001) for _printf_n
    main.o(i.Error_Handler) refers to _printf_charcount.o(.text) for _printf_charcount
    main.o(i.Error_Handler) refers to _printf_hex_ptr.o(.text) for _printf_longlong_hex
    main.o(i.Error_Handler) refers to _printf_str.o(.text) for _printf_str
    main.o(i.Error_Handler) refers to __2printf.o(.text) for __2printf
    main.o(i.HAL_GetTick) refers to rtx_kernel.o(.text.osKernelGetState) for osKernelGetState
    main.o(i.HAL_GetTick) refers to rtx_kernel.o(.text.osKernelGetTickCount) for osKernelGetTickCount
    main.o(i.HAL_GetTick) refers to system_stm32f4xx.o(.data) for SystemCoreClock
    main.o(i.HAL_GetTick) refers to main.o(.data) for ticks
    main.o(i.SystemClock_Config) refers to rt_memclr_w.o(.text) for __aeabi_memclr4
    main.o(i.SystemClock_Config) refers to stm32f4xx_hal_rcc.o(i.HAL_RCC_OscConfig) for HAL_RCC_OscConfig
    main.o(i.SystemClock_Config) refers to main.o(i.Error_Handler) for Error_Handler
    main.o(i.SystemClock_Config) refers to stm32f4xx_hal_pwr_ex.o(i.HAL_PWREx_EnableOverDrive) for HAL_PWREx_EnableOverDrive
    main.o(i.SystemClock_Config) refers to stm32f4xx_hal_rcc.o(i.HAL_RCC_ClockConfig) for HAL_RCC_ClockConfig
    main.o(i.main) refers to stm32f4xx_hal.o(i.HAL_Init) for HAL_Init
    main.o(i.main) refers to main.o(i.Error_Handler) for Error_Handler
    main.o(i.main) refers to main.o(i.SystemClock_Config) for SystemClock_Config
    main.o(i.main) refers to system_stm32f4xx.o(i.SystemCoreClockUpdate) for SystemCoreClockUpdate
    main.o(i.main) refers to joystick.o(i.Init_GPIO) for Init_GPIO
    main.o(i.main) refers to rgb.o(i.initRGB) for initRGB
    main.o(i.main) refers to usart.o(i.init_USART) for init_USART
    main.o(i.main) refers to rtx_kernel.o(.text.osKernelInitialize) for osKernelInitialize
    main.o(i.main) refers to rtx_thread.o(.text.osThreadNew) for osThreadNew
    main.o(i.main) refers to rtx_kernel.o(.text.osKernelStart) for osKernelStart
    main.o(i.main) refers to thread.o(.constdata) for app_main_attr
    main.o(i.main) refers to thread.o(i.app_main) for app_main
    stm32f4xx_it.o(i.EXTI15_10_IRQHandler) refers to stm32f4xx_hal_gpio.o(i.HAL_GPIO_EXTI_IRQHandler) for HAL_GPIO_EXTI_IRQHandler
    stm32f4xx_it.o(i.EXTI2_IRQHandler) refers to stm32f4xx_hal_gpio.o(i.HAL_GPIO_EXTI_IRQHandler) for HAL_GPIO_EXTI_IRQHandler
    stm32f4xx_it.o(i.EXTI3_IRQHandler) refers to stm32f4xx_hal_gpio.o(i.HAL_GPIO_EXTI_IRQHandler) for HAL_GPIO_EXTI_IRQHandler
    stm32f4xx_it.o(i.EXTI9_5_IRQHandler) refers to stm32f4xx_hal_gpio.o(i.HAL_GPIO_EXTI_IRQHandler) for HAL_GPIO_EXTI_IRQHandler
    stm32f4xx_hal_msp.o(i.HAL_TIM_MspPostInit) refers to rt_memclr_w.o(.text) for __aeabi_memclr4
    stm32f4xx_hal_msp.o(i.HAL_TIM_MspPostInit) refers to stm32f4xx_hal_gpio.o(i.HAL_GPIO_Init) for HAL_GPIO_Init
    joystick.o(i.IRQ_Fall_Enable) refers to rt_memclr_w.o(.text) for __aeabi_memclr4
    joystick.o(i.IRQ_Fall_Enable) refers to stm32f4xx_hal_gpio.o(i.HAL_GPIO_Init) for HAL_GPIO_Init
    joystick.o(i.IRQ_Fall_Enable) refers to stm32f4xx_hal_cortex.o(i.HAL_NVIC_EnableIRQ) for HAL_NVIC_EnableIRQ
    joystick.o(i.IRQ_Fall_Enable) refers to joystick.o(.data) for SW_LEFT
    joystick.o(i.IRQ_Rise_Enable) refers to rt_memclr_w.o(.text) for __aeabi_memclr4
    joystick.o(i.IRQ_Rise_Enable) refers to stm32f4xx_hal_gpio.o(i.HAL_GPIO_Init) for HAL_GPIO_Init
    joystick.o(i.IRQ_Rise_Enable) refers to stm32f4xx_hal_cortex.o(i.HAL_NVIC_EnableIRQ) for HAL_NVIC_EnableIRQ
    joystick.o(i.IRQ_Rise_Enable) refers to joystick.o(.data) for SW_LEFT
    joystick.o(i.Init_GPIO) refers to rt_memclr_w.o(.text) for __aeabi_memclr4
    joystick.o(i.Init_GPIO) refers to stm32f4xx_hal_gpio.o(i.HAL_GPIO_WritePin) for HAL_GPIO_WritePin
    joystick.o(i.Init_GPIO) refers to stm32f4xx_hal_gpio.o(i.HAL_GPIO_Init) for HAL_GPIO_Init
    joystick.o(i.Init_GPIO) refers to stm32f4xx_hal_cortex.o(i.HAL_NVIC_SetPriority) for HAL_NVIC_SetPriority
    joystick.o(i.Init_GPIO) refers to stm32f4xx_hal_cortex.o(i.HAL_NVIC_EnableIRQ) for HAL_NVIC_EnableIRQ
    joystick.o(i.Init_GPIO) refers to joystick.o(.data) for SW_UP
    rgb.o(i.apagar_LED_azul) refers to stm32f4xx_hal_tim.o(i.HAL_TIM_PWM_Stop) for HAL_TIM_PWM_Stop
    rgb.o(i.apagar_LED_azul) refers to rgb.o(.bss) for htim1
[...]
    __rt_entry_presh_1                       0x08000297   Thumb Code     0  __rtentry2.o(.ARM.Collect$$rtentry$$00000002)
    __rt_entry_sh                            0x08000297   Thumb Code     0  __rtentry4.o(.ARM.Collect$$rtentry$$00000004)
    __rt_entry_postsh_1                      0x0800029d   Thumb Code     0  __rtentry2.o(.ARM.Collect$$rtentry$$00000008)
    __rt_entry_li                            0x080002a5   Thumb Code     0  __rtentry2.o(.ARM.Collect$$rtentry$$0000000A)
    __rt_entry_main                          0x080002a9   Thumb Code     0  __rtentry2.o(.ARM.Collect$$rtentry$$0000000D)
    __rt_entry_postli_1                      0x080002a9   Thumb Code     0  __rtentry2.o(.ARM.Collect$$rtentry$$0000000C)
    __rt_exit                                0x080002b1   Thumb Code     0  rtexit.o(.ARM.Collect$$rtexit$$00000000)
    __rt_exit_ls                             0x080002b3   Thumb Code     0  rtexit2.o(.ARM.Collect$$rtexit$$00000003)
    __rt_exit_prels_1                        0x080002b3   Thumb Code     0  rtexit2.o(.ARM.Collect$$rtexit$$00000002)
    __rt_exit_exit                           0x080002b7   Thumb Code     0  rtexit2.o(.ARM.Collect$$rtexit$$00000004)
    Reset_Handler                            0x080002bd   Thumb Code     8  startup_stm32f429xx.o(.text)
    _maybe_terminate_alloc                   0x080002bd   Thumb Code     0  maybetermalloc2.o(.emb_text)
    ADC_IRQHandler                           0x080002d7   Thumb Code     0  startup_stm32f429xx.o(.text)
    CAN1_RX0_IRQHandler                      0x080002d7   Thumb Code     0  startup_stm32f429xx.o(.text)
    CAN1_RX1_IRQHandler                      0x080002d7   Thumb Code     0  startup_stm32f429xx.o(.text)
    CAN1_SCE_IRQHandler                      0x080002d7   Thumb Code     0  startup_stm32f429xx.o(.text)
    CAN1_TX_IRQHandler                       0x080002d7   Thumb Code     0  startup_stm32f429xx.o(.text)
    CAN2_RX0_IRQHandler                      0x080002d7   Thumb Code     0  startup_stm32f429xx.o(.text)
    CAN2_RX1_IRQHandler                      0x080002d7   Thumb Code     0  startup_stm32f429xx.o(.text)
    CAN2_SCE_IRQHandler                      0x080002d7   Thumb Code     0  startup_stm32f429xx.o(.text)
    CAN2_TX_IRQHandler                       0x080002d7   Thumb Code     0  startup_stm32f429xx.o(.text)
    DCMI_IRQHandler                          0x080002d7   Thumb Code     0  startup_stm32f429xx.o(.text)
    DMA1_Stream0_IRQHandler                  0x080002d7   Thumb Code     0  startup_stm32f429xx.o(.text)
    DMA1_Stream1_IRQHandler                  0x080002d7   Thumb Code     0  startup_stm32f429xx.o(.text)
    DMA1_Stream2_IRQHandler                  0x080002d7   Thumb Code     0  startup_stm32f429xx.o(.text)
    DMA1_Stream3_IRQHandler                  0x080002d7   Thumb Code     0  startup_stm32f429xx.o(.text)
    DMA1_Stream4_IRQHandler                  0x080002d7   Thumb Code     0  startup_stm32f429xx.o(.text)
    DMA1_Stream5_IRQHandler                  0x080002d7   Thumb Code     0  startup_stm32f429xx.o(.text)
    DMA1_Stream6_IRQHandler                  0x080002d7   Thumb Code     0  startup_stm32f429xx.o(.text)
    DMA1_Stream7_IRQHandler                  0x080002d7   Thumb Code     0  startup_stm32f429xx.o(.text)
    DMA2D_IRQHandler                         0x080002d7   Thumb Code     0  startup_stm32f429xx.o(.text)
    DMA2_Stream0_IRQHandler                  0x080002d7   Thumb Code     0  startup_stm32f429xx.o(.text)
    DMA2_Stream1_IRQHandler                  0x080002d7   Thumb Code     0  startup_stm32f429xx.o(.text)
    DMA2_Stream2_IRQHandler                  0x080002d7   Thumb Code     0  startup_stm32f429xx.o(.text)
    DMA2_Stream3_IRQHandler                  0x080002d7   Thumb Code     0  startup_stm32f429xx.o(.text)
    DMA2_Stream4_IRQHandler                  0x080002d7   Thumb Code     0  startup_stm32f429xx.o(.text)
    DMA2_Stream5_IRQHandler                  0x080002d7   Thumb Code     0  startup_stm32f429xx.o(.text)
    DMA2_Stream6_IRQHandler                  0x080002d7   Thumb Code     0  startup_stm32f429xx.o(.text)
    DMA2_Stream7_IRQHandler                  0x080002d7   Thumb Code     0  startup_stm32f429xx.o(.text)
    ETH_IRQHandler                           0x080002d7   Thumb Code     0  startup_stm32f429xx.o(.text)
    ETH_WKUP_IRQHandler                      0x080002d7   Thumb Code     0  startup_stm32f429xx.o(.text)
    EXTI0_IRQHandler                         0x080002d7   Thumb Code     0  startup_stm32f429xx.o(.text)
    EXTI1_IRQHandler                         0x080002d7   Thumb Code     0  startup_stm32f429xx.o(.text)
    EXTI4_IRQHandler                         0x080002d7   Thumb Code     0  startup_stm32f429xx.o(.text)
    FLASH_IRQHandler                         0x080002d7   Thumb Code     0  startup_stm32f429xx.o(.text)
    FMC_IRQHandler                           0x080002d7   Thumb Code     0  startup_stm32f429xx.o(.text)
    FPU_IRQHandler                           0x080002d7   Thumb Code     0  startup_stm32f429xx.o(.text)
    HASH_RNG_IRQHandler                      0x080002d7   Thumb Code     0  startup_stm32f429xx.o(.text)
    I2C1_ER_IRQHandler                       0x080002d7   Thumb Code     0  startup_stm32f429xx.o(.text)
    I2C1_EV_IRQHandler                       0x080002d7   Thumb Code     0  startup_stm32f429xx.o(.text)
    I2C2_ER_IRQHandler                       0x080002d7   Thumb Code     0  startup_stm32f429xx.o(.text)
    I2C2_EV_IRQHandler                       0x080002d7   Thumb Code     0  startup_stm32f429xx.o(.text)
    I2C3_ER_IRQHandler                       0x080002d7   Thumb Code     0  startup_stm32f429xx.o(.text)
    I2C3_EV_IRQHandler                       0x080002d7   Thumb Code     0  startup_stm32f429xx.o(.text)
    LTDC_ER_IRQHandler                       0x080002d7   Thumb Code     0  startup_stm32f429xx.o(.text)
    LTDC_IRQHandler                          0x080002d7   Thumb Code     0  startup_stm32f429xx.o(.text)
    OTG_FS_IRQHandler                        0x080002d7   Thumb Code     0  startup_stm32f429xx.o(.text)
    OTG_FS_WKUP_IRQHandler                   0x080002d7   Thumb Code     0  startup_stm32f429xx.o(.text)
    OTG_HS_EP1_IN_IRQHandler                 0x080002d7   Thumb Code     0  startup_stm32f429xx.o(.text)
    OTG_HS_EP1_OUT_IRQHandler                0x080002d7   Thumb Code     0  startup_stm32f429xx.o(.text)
    OTG_HS_IRQHandler                        0x080002d7   Thumb Code     0  startup_stm32f429xx.o(.text)
    OTG_HS_WKUP_IRQHandler                   0x080002d7   Thumb Code     0  startup_stm32f429xx.o(.text)
    PVD_IRQHandler                           0x080002d7   Thumb Code     0  startup_stm32f429xx.o(.text)
    RCC_IRQHandler                           0x080002d7   Thumb Code     0  startup_stm32f429xx.o(.text)
    RTC_Alarm_IRQHandler                     0x080002d7   Thumb Code     0  startup_stm32f429xx.o(.text)
    RTC_WKUP_IRQHandler                      0x080002d7   Thumb Code     0  startup_stm32f429xx.o(.text)
    SAI1_IRQHandler                          0x080002d7   Thumb Code     0  startup_stm32f429xx.o(.text)
    SDIO_IRQHandler                          0x080002d7   Thumb Code     0  startup_stm32f429xx.o(.text)
    SPI1_IRQHandler                          0x080002d7   Thumb Code     0  startup_stm32f429xx.o(.text)
    SPI2_IRQHandler                          0x080002d7   Thumb Code     0  startup_stm32f429xx.o(.text)
    SPI3_IRQHandler                          0x080002d7   Thumb Code     0  startup_stm32f429xx.o(.text)
    SPI4_IRQHandler                          0x080002d7   Thumb Code     0  startup_stm32f429xx.o(.text)
    SPI5_IRQHandler                          0x080002d7   Thumb Code     0  startup_stm32f429xx.o(.text)
    SPI6_IRQHandler                          0x080002d7   Thumb Code     0  startup_stm32f429xx.o(.text)
    TAMP_STAMP_IRQHandler                    0x080002d7   Thumb Code     0  startup_stm32f429xx.o(.text)
    TIM1_BRK_TIM9_IRQHandler                 0x080002d7   Thumb Code     0  startup_stm32f429xx.o(.text)
    TIM1_CC_IRQHandler                       0x080002d7   Thumb Code     0  startup_stm32f429xx.o(.text)
    TIM1_TRG_COM_TIM11_IRQHandler            0x080002d7   Thumb Code     0  startup_stm32f429xx.o(.text)
    TIM1_UP_TIM10_IRQHandler                 0x080002d7   Thumb Code     0  startup_stm32f429xx.o(.text)
    TIM2_IRQHandler                          0x080002d7   Thumb Code     0  startup_stm32f429xx.o(.text)
    TIM3_IRQHandler                          0x080002d7   Thumb Code     0  startup_stm32f429xx.o(.text)
    TIM4_IRQHandler                          0x080002d7   Thumb Code     0  startup_stm32f429xx.o(.text)
    TIM5_IRQHandler                          0x080002d7   Thumb Code     0  startup_stm32f429xx.o(.text)
    TIM6_DAC_IRQHandler                      0x080002d7   Thumb Code     0  startup_stm32f429xx.o(.text)
    TIM7_IRQHandler                          0x080002d7   Thumb Code     0  startup_stm32f429xx.o(.text)
    TIM8_BRK_TIM12_IRQHandler                0x080002d7   Thumb Code     0  startup_stm32f429xx.o(.text)
    TIM8_CC_IRQHandler                       0x080002d7   Thumb Code     0  startup_stm32f429xx.o(.text)
    TIM8_TRG_COM_TIM14_IRQHandler            0x080002d7   Thumb Code     0  startup_stm32f429xx.o(.text)
    TIM8_UP_TIM13_IRQHandler                 0x080002d7   Thumb Code     0  startup_stm32f429xx.o(.text)
    UART4_IRQHandler                         0x080002d7   Thumb Code     0  startup_stm32f429xx.o(.text)
    UART5_IRQHandler                         0x080002d7   Thumb Code     0  startup_stm32f429xx.o(.text)
    UART7_IRQHandler                         0x080002d7   Thumb Code     0  startup_stm32f429xx.o(.text)
    UART8_IRQHandler                         0x080002d7   Thumb Code     0  startup_stm32f429xx.o(.text)
    USART1_IRQHandler                        0x080002d7   Thumb Code     0  startup_stm32f429xx.o(.text)
    USART2_IRQHandler                        0x080002d7   Thumb Code     0  startup_stm32f429xx.o(.text)
    USART6_IRQHandler                        0x080002d7   Thumb Code     0  startup_stm32f429xx.o(.text)
    WWDG_IRQHandler                          0x080002d7   Thumb Code     0  startup_stm32f429xx.o(.text)
    __user_initial_stackheap                 0x080002d9   Thumb Code     0  startup_stm32f429xx.o(.text)
    SVC_Handler                              0x080002fd   Thumb Code   152  irq_cm4f.o(.text)
    PendSV_Handler                           0x08000395   Thumb Code    16  irq_cm4f.o(.text)
    SysTick_Handler                          0x080003a5   Thumb Code    16  irq_cm4f.o(.text)
    __aeabi_uldivmod                         0x080003c1   Thumb Code     0  lludivv7m.o(.text)
    _ll_udiv                                 0x080003c1   Thumb Code   238  lludivv7m.o(.text)
    __2printf                                0x080004b1   Thumb Code    20  __2printf.o(.text)
    __2sprintf                               0x080004c9   Thumb Code    38  __2sprintf.o(.text)
    _printf_pre_padding                      0x080004f5   Thumb Code    44  _printf_pad.o(.text)
    _printf_post_padding                     0x08000521   Thumb Code    34  _printf_pad.o(.text)
    _printf_str                              0x08000543   Thumb Code    82  _printf_str.o(.text)
    _printf_charcount                        0x08000595   Thumb Code    40  _printf_charcount.o(.text)
    _printf_hex_ptr                          0x080005bd   Thumb Code    78  _printf_hex_ptr.o(.text)
    _printf_longlong_hex                     0x080005bd   Thumb Code     0  _printf_hex_ptr.o(.text)
    __printf                                 0x08000611   Thumb Code   388  __printf_flags_ss_wp.o(.text)
    __aeabi_memcpy                           0x08000799   Thumb Code     0  rt_memcpy_v6.o(.text)
    __rt_memcpy                              0x08000799   Thumb Code   138  rt_memcpy_v6.o(.text)
    _memcpy_lastbytes                        0x080007ff   Thumb Code     0  rt_memcpy_v6.o(.text)
    __aeabi_memclr                           0x08000823   Thumb Code     0  rt_memclr.o(.text)
    __rt_memclr                              0x08000823   Thumb Code    68  rt_memclr.o(.text)
    _memset                                  0x08000827   Thumb Code     0  rt_memclr.o(.text)
    __aeabi_memclr4                          0x08000867   Thumb Code     0  rt_memclr_w.o(.text)
    __aeabi_memclr8                          0x08000867   Thumb Code     0  rt_memclr_w.o(.text)
    __rt_memclr_w                            0x08000867   Thumb Code    78  rt_memclr_w.o(.text)
    _memset_w                                0x0800086b   Thumb Code     0  rt_memclr_w.o(.text)
    __use_two_region_memory                  0x080008b5   Thumb Code     2  heapauxi.o(.text)
    __rt_heap_escrow                         0x080008b7   Thumb Code     2  heapauxi.o(.text)
    __rt_heap_expand                         0x080008b9   Thumb Code     2  heapauxi.o(.text)
    _printf_int_common                       0x080008bb   Thumb Code   178  _printf_intcommon.o(.text)
    _printf_char_common                      0x08000977   Thumb Code    32  _printf_char_common.o(.text)
    _sputc                                   0x0800099d   Thumb Code    10  _sputc.o(.text)
    _printf_cs_common                        0x080009a7   Thumb Code    20  _printf_char.o(.text)
    _printf_char                             0x080009bb   Thumb Code    16  _printf_char.o(.text)
    _printf_string                           0x080009cb   Thumb Code     8  _printf_char.o(.text)
    __aeabi_memcpy4                          0x080009d3   Thumb Code     0  rt_memcpy_w.o(.text)
    __aeabi_memcpy8                          0x080009d3   Thumb Code     0  rt_memcpy_w.o(.text)
    __rt_memcpy_w                            0x080009d3   Thumb Code   100  rt_memcpy_w.o(.text)
    _memcpy_lastbytes_aligned                0x08000a1b   Thumb Code     0  rt_memcpy_w.o(.text)
    _initio                                  0x08000a39   Thumb Code   240  initio_locked.o(.text)
    _terminateio                             0x08000b29   Thumb Code   168  initio_locked.o(.text)
    _sys_open                                0x08000c01   Thumb Code    20  sys_io.o(.text)
    _sys_close                               0x08000c15   Thumb Code    12  sys_io.o(.text)
    _sys_write                               0x08000c21   Thumb Code    16  sys_io.o(.text)
    _sys_read                                0x08000c31   Thumb Code    14  sys_io.o(.text)
    _sys_istty                               0x08000c3f   Thumb Code    12  sys_io.o(.text)
    _sys_seek                                0x08000c4b   Thumb Code    14  sys_io.o(.text)
    _sys_ensure                              0x08000c59   Thumb Code     2  sys_io.o(.text)
    _sys_flen                                0x08000c5b   Thumb Code    12  sys_io.o(.text)
    __user_setup_stackheap                   0x08000c67   Thumb Code    74  sys_stackheap_outer.o(.text)
    _free_internal                           0x08000cb1   Thumb Code    98  h1_free_mt.o(.text)
    free                                     0x08000d13   Thumb Code    20  h1_free_mt.o(.text)
    __flsbuf                                 0x08000d27   Thumb Code   470  flsbuf.o(.text)
    __flsbuf_byte                            0x08000d27   Thumb Code     0  flsbuf.o(.text)
    __flsbuf_wide                            0x08000d27   Thumb Code     0  flsbuf.o(.text)
    _fclose_internal                         0x08000efd   Thumb Code    76  fclose.o(.text)
    fclose                                   0x08000efd   Thumb Code     0  fclose.o(.text)
    setvbuf                                  0x08000f49   Thumb Code   104  setvbuf_locked.o(.text)
    freopen                                  0x0800105f   Thumb Code    42  fopen_locked.o(.text)
    _fopen$locked                            0x08001089   Thumb Code   100  fopen_locked.o(.text)
    exit                                     0x080010f5   Thumb Code    18  exit.o(.text)
    __rt_SIGRTRED                            0x08001107   Thumb Code    14  defsig_rtred_outer.o(.text)
    __user_libspace                          0x08001115   Thumb Code     8  libspace.o(.text)
    __user_perproc_libspace                  0x08001115   Thumb Code     0  libspace.o(.text)
    __I$use$semihosting                      0x0800111d   Thumb Code     0  use_no_semi.o(.text)
    __use_no_semihosting_swi                 0x0800111d   Thumb Code     2  use_no_semi.o(.text)
    __rt_heap_descriptor                     0x0800111f   Thumb Code    10  rt_heap_descriptor_twolibspace.o(.text)
    __semihosting_library_function           0x0800111f   Thumb Code     0  indicate_semi.o(.text)
    __use_no_heap                            0x08001129   Thumb Code     2  hguard.o(.text)
    __heap$guard                             0x0800112b   Thumb Code     2  hguard.o(.text)
    _terminate_user_alloc                    0x0800112d   Thumb Code     2  init_alloc.o(.text)
    _init_user_alloc                         0x0800112f   Thumb Code     2  init_alloc.o(.text)
    __Heap_Full                              0x08001131   Thumb Code    34  init_alloc.o(.text)
    __Heap_Broken                            0x08001153   Thumb Code     6  init_alloc.o(.text)
    _init_alloc                              0x08001159   Thumb Code    94  init_alloc.o(.text)
    _malloc_internal                         0x080011bf   Thumb Code   130  h1_alloc_mt.o(.text)
    malloc                                   0x08001241   Thumb Code    20  h1_alloc_mt.o(.text)
    _printf_char_file                        0x08001255   Thumb Code    58  _printf_char_file_locked.o(.text)
    _fseek                                   0x08001295   Thumb Code   242  fseek.o(.text)
    fseek                                    0x08001295   Thumb Code     0  fseek.o(.text)
    _seterr                                  0x0800138d   Thumb Code    20  stdio.o(.text)
    _writebuf                                0x080013a1   Thumb Code    84  stdio.o(.text)
    _fflush                                  0x080013f5   Thumb Code    70  stdio.o(.text)
    _deferredlazyseek                        0x0800143b   Thumb Code    60  stdio.o(.text)
    __sig_exit                               0x0800147d   Thumb Code    10  defsig_exit.o(.text)
    __rt_SIGRTRED_inner                      0x08001489   Thumb Code    14  defsig_rtred_inner.o(.text)
    strlen                                   0x080014bd   Thumb Code    62  strlen.o(.text)
    _sys_exit                                0x080014fd   Thumb Code     8  sys_exit.o(.text)
    __Heap_Initialize                        0x08001509   Thumb Code    14  h1_init_mt.o(.text)
    __Heap_DescSize                          0x08001517   Thumb Code     4  h1_init_mt.o(.text)
    __Heap_ProvideMemory                     0x0800151b   Thumb Code    62  h1_extend_mt.o(.text)
    _ftell_internal                          0x08001559   Thumb Code    66  ftell.o(.text)
    ftell                                    0x08001559   Thumb Code     0  ftell.o(.text)
    __default_signal_display                 0x0800159b   Thumb Code    50  defsig_general.o(.text)
    __rt_SIGRTMEM                            0x080015cd   Thumb Code    14  defsig_rtmem_outer.o(.text)
    _ttywrch                                 0x080015db   Thumb Code    14  sys_wrch.o(.text)
    __aeabi_errno_addr                       0x080015e9   Thumb Code     4  rt_errno_addr_twolibspace.o(.text)
    __errno$twolibspace                      0x080015e9   Thumb Code     0  rt_errno_addr_twolibspace.o(.text)
    __rt_errno_addr$twolibspace              0x080015e9   Thumb Code     0  rt_errno_addr_twolibspace.o(.text)
    _terminate_alloc                         0x080015ed   Thumb Code    16  term_alloc.o(.text)
    __rt_SIGRTMEM_inner                      0x080015fd   Thumb Code    22  defsig_rtmem_inner.o(.text)
    __Heap_Finalize                          0x0800164d   Thumb Code    10  h1_final_mt.o(.text)
    OS_Tick_AcknowledgeIRQ                   0x0800170d   Thumb Code    12  os_systick.o(.text.OS_Tick_AcknowledgeIRQ)
    OS_Tick_Enable                           0x08001719   Thumb Code    44  os_systick.o(.text.OS_Tick_Enable)
    OS_Tick_GetIRQn                          0x08001745   Thumb Code     6  os_systick.o(.text.OS_Tick_GetIRQn)
    OS_Tick_Setup                            0x0800174d   Thumb Code    64  os_systick.o(.text.OS_Tick_Setup)
    osDelay                                  0x08001845   Thumb Code    36  rtx_delay.o(.text.osDelay)
    osKernelGetState                         0x08001869   Thumb Code    48  rtx_kernel.o(.text.osKernelGetState)
    osKernelGetTickCount                     0x08001899   Thumb Code    40  rtx_kernel.o(.text.osKernelGetTickCount)
    osKernelInitialize                       0x080018c1   Thumb Code    44  rtx_kernel.o(.text.osKernelInitialize)
    osKernelStart                            0x080018ed   Thumb Code    36  rtx_kernel.o(.text.osKernelStart)
    osMessageQueueGet                        0x08001911   Thumb Code   108  rtx_msgqueue.o(.text.osMessageQueueGet)
    osMessageQueueNew                        0x0800197d   Thumb Code    36  rtx_msgqueue.o(.text.osMessageQueueNew)
    osMessageQueuePut                        0x080019a1   Thumb Code   120  rtx_msgqueue.o(.text.osMessageQueuePut)
    osMutexAcquire                           0x08001a19   Thumb Code    36  rtx_mutex.o(.text.osMutexAcquire)
    osMutexDelete                            0x08001a3d   Thumb Code    36  rtx_mutex.o(.text.osMutexDelete)
    osMutexNew                               0x08001a61   Thumb Code    36  rtx_mutex.o(.text.osMutexNew)
    osMutexRelease                           0x08001a85   Thumb Code    36  rtx_mutex.o(.text.osMutexRelease)
    osRtxKernelPreInit                       0x08001aa9   Thumb Code     2  rtx_kernel.o(.text.osRtxKernelPreInit)
    osRtxMemoryAlloc                         0x08001aab   Thumb Code   112  rtx_memory.o(.text.osRtxMemoryAlloc)
    osRtxMemoryFree                          0x08001b1b   Thumb Code    70  rtx_memory.o(.text.osRtxMemoryFree)
    osRtxMemoryInit                          0x08001b61   Thumb Code    60  rtx_memory.o(.text.osRtxMemoryInit)
    osRtxMemoryPoolAlloc                     0x08001b9d   Thumb Code    58  rtx_mempool.o(.text.osRtxMemoryPoolAlloc)
    osRtxMemoryPoolFree                      0x08001bd7   Thumb Code    74  rtx_mempool.o(.text.osRtxMemoryPoolFree)
    osRtxMemoryPoolInit                      0x08001c21   Thumb Code    54  rtx_mempool.o(.text.osRtxMemoryPoolInit)
    osRtxMutexOwnerRelease                   0x08001d11   Thumb Code    72  rtx_mutex.o(.text.osRtxMutexOwnerRelease)
    osRtxMutexOwnerRestore                   0x08001d59   Thumb Code    66  rtx_mutex.o(.text.osRtxMutexOwnerRestore)
    osRtxPendSV_Handler                      0x08001d9d   Thumb Code   140  rtx_system.o(.text.osRtxPendSV_Handler)
    osRtxPostProcess                         0x08001e29   Thumb Code   116  rtx_system.o(.text.osRtxPostProcess)
    osRtxThreadDelayTick                     0x08001f85   Thumb Code    76  rtx_thread.o(.text.osRtxThreadDelayTick)
    osRtxThreadDispatch                      0x08001fd1   Thumb Code    88  rtx_thread.o(.text.osRtxThreadDispatch)
    osRtxThreadListGet                       0x08002081   Thumb Code    18  rtx_thread.o(.text.osRtxThreadListGet)
    osRtxThreadListPut                       0x08002093   Thumb Code    44  rtx_thread.o(.text.osRtxThreadListPut)
    osRtxThreadListRemove                    0x080020bf   Thumb Code    20  rtx_thread.o(.text.osRtxThreadListRemove)
    osRtxThreadListSort                      0x080020df   Thumb Code    38  rtx_thread.o(.text.osRtxThreadListSort)
    osRtxThreadReadyPut                      0x0800212d   Thumb Code    20  rtx_thread.o(.text.osRtxThreadReadyPut)
    osRtxThreadRegPtr                        0x08002141   Thumb Code    20  rtx_thread.o(.text.osRtxThreadRegPtr)
    osRtxThreadStackCheck                    0x08002155   Thumb Code    40  rtx_thread.o(.text.osRtxThreadStackCheck)
    osRtxThreadStartup                       0x0800217d   Thumb Code    64  rtx_thread.o(.text.osRtxThreadStartup)
    osRtxThreadSwitch                        0x080021bd   Thumb Code    16  rtx_thread.o(.text.osRtxThreadSwitch)
    osRtxThreadWaitEnter                     0x080021cd   Thumb Code    56  rtx_thread.o(.text.osRtxThreadWaitEnter)
    osRtxThreadWaitExit                      0x08002205   Thumb Code    50  rtx_thread.o(.text.osRtxThreadWaitExit)
    osRtxTick_Handler                        0x08002239   Thumb Code   112  rtx_system.o(.text.osRtxTick_Handler)
    osRtxTimerThread                         0x080022a9   Thumb Code    60  rtx_timer.o(.text.osRtxTimerThread)
    osThreadExit                             0x08002339   Thumb Code    12  rtx_thread.o(.text.osThreadExit)
    osThreadFlagsClear                       0x08002345   Thumb Code    36  rtx_thread.o(.text.osThreadFlagsClear)
    osThreadFlagsSet                         0x08002369   Thumb Code    88  rtx_thread.o(.text.osThreadFlagsSet)
    osThreadFlagsWait                        0x080023c1   Thumb Code    36  rtx_thread.o(.text.osThreadFlagsWait)
    osThreadGetId                            0x080023e5   Thumb Code    40  rtx_thread.o(.text.osThreadGetId)
    osThreadNew                              0x0800240d   Thumb Code    36  rtx_thread.o(.text.osThreadNew)
    BusFault_Handler                         0x08002e91   Thumb Code     4  stm32f4xx_it.o(i.BusFault_Handler)
    DebugMon_Handler                         0x08002e95   Thumb Code     2  stm32f4xx_it.o(i.DebugMon_Handler)
    EXTI15_10_IRQHandler                     0x08002e97   Thumb Code    20  stm32f4xx_it.o(i.EXTI15_10_IRQHandler)
    EXTI2_IRQHandler                         0x08002eab   Thumb Code    10  stm32f4xx_it.o(i.EXTI2_IRQHandler)
    EXTI3_IRQHandler                         0x08002eb5   Thumb Code    10  stm32f4xx_it.o(i.EXTI3_IRQHandler)
    EXTI9_5_IRQHandler                       0x08002ebf   Thumb Code    10  stm32f4xx_it.o(i.EXTI9_5_IRQHandler)
    HAL_DMA_Abort                            0x080031b9   Thumb Code   170  stm32f4xx_hal_dma.o(i.HAL_DMA_Abort)
    HAL_GPIO_DeInit                          0x08003265   Thumb Code   336  stm32f4xx_hal_gpio.o(i.HAL_GPIO_DeInit)
    HAL_GPIO_EXTI_Callback                   0x080033e5   Thumb Code   264  thread.o(i.HAL_GPIO_EXTI_Callback)
    HAL_GPIO_EXTI_IRQHandler                 0x08003505   Thumb Code    24  stm32f4xx_hal_gpio.o(i.HAL_GPIO_EXTI_IRQHandler)
    HAL_GPIO_Init                            0x08003521   Thumb Code   486  stm32f4xx_hal_gpio.o(i.HAL_GPIO_Init)
    HAL_GPIO_ReadPin                         0x0800373d   Thumb Code    16  stm32f4xx_hal_gpio.o(i.HAL_GPIO_ReadPin)
    HAL_GPIO_WritePin                        0x0800374d   Thumb Code    12  stm32f4xx_hal_gpio.o(i.HAL_GPIO_WritePin)
    HAL_GetTick                              0x08003759   Thumb Code    66  main.o(i.HAL_GetTick)
    HAL_Init                                 0x080037a5   Thumb Code    44  stm32f4xx_hal.o(i.HAL_Init)
    HAL_InitTick                             0x080037d5   Thumb Code    64  stm32f4xx_hal.o(i.HAL_InitTick)
    HAL_MspInit                              0x08003821   Thumb Code    68  stm32f4xx_hal_msp.o(i.HAL_MspInit)
    HAL_NVIC_DisableIRQ                      0x08003869   Thumb Code    38  stm32f4xx_hal_cortex.o(i.HAL_NVIC_DisableIRQ)
    HAL_NVIC_EnableIRQ                       0x08003895   Thumb Code    40  stm32f4xx_hal_cortex.o(i.HAL_NVIC_EnableIRQ)
    HAL_NVIC_SetPriority                     0x080038bd   Thumb Code   124  stm32f4xx_hal_cortex.o(i.HAL_NVIC_SetPriority)
    HAL_NVIC_SetPriorityGrouping             0x08003939   Thumb Code    32  stm32f4xx_hal_cortex.o(i.HAL_NVIC_SetPriorityGrouping)
    HAL_PWREx_EnableOverDrive                0x08003961   Thumb Code   128  stm32f4xx_hal_pwr_ex.o(i.HAL_PWREx_EnableOverDrive)
    HAL_RCC_ClockConfig                      0x080039ed   Thumb Code   368  stm32f4xx_hal_rcc.o(i.HAL_RCC_ClockConfig)
    HAL_RCC_GetHCLKFreq                      0x08003b71   Thumb Code     6  stm32f4xx_hal_rcc.o(i.HAL_RCC_GetHCLKFreq)
    HAL_RCC_GetPCLK1Freq                     0x08003b7d   Thumb Code    22  stm32f4xx_hal_rcc.o(i.HAL_RCC_GetPCLK1Freq)
    HAL_RCC_GetSysClockFreq                  0x08003b9d   Thumb Code   162  stm32f4xx_hal_rcc.o(i.HAL_RCC_GetSysClockFreq)
    HAL_RCC_OscConfig                        0x08003c4d   Thumb Code  1152  stm32f4xx_hal_rcc.o(i.HAL_RCC_OscConfig)
    HAL_SYSTICK_Config                       0x080040d5   Thumb Code    52  stm32f4xx_hal_cortex.o(i.HAL_SYSTICK_Config)
    HAL_TIMEx_ConfigBreakDeadTime            0x08004109   Thumb Code   116  stm32f4xx_hal_tim_ex.o(i.HAL_TIMEx_ConfigBreakDeadTime)
    HAL_TIMEx_MasterConfigSynchronization    0x0800417d   Thumb Code   150  stm32f4xx_hal_tim_ex.o(i.HAL_TIMEx_MasterConfigSynchronization)
    HAL_TIM_Base_Init                        0x08004231   Thumb Code    52  stm32f4xx_hal_tim.o(i.HAL_TIM_Base_Init)
    HAL_TIM_Base_MspInit                     0x08004265   Thumb Code    88  stm32f4xx_hal_msp.o(i.HAL_TIM_Base_MspInit)
    HAL_TIM_ConfigClockSource                0x080042c9   Thumb Code   264  stm32f4xx_hal_tim.o(i.HAL_TIM_ConfigClockSource)
    HAL_TIM_MspPostInit                      0x080043d1   Thumb Code   156  stm32f4xx_hal_msp.o(i.HAL_TIM_MspPostInit)
    HAL_TIM_PWM_ConfigChannel                0x08004481   Thumb Code   264  stm32f4xx_hal_tim.o(i.HAL_TIM_PWM_ConfigChannel)
    HAL_TIM_PWM_Init                         0x08004589   Thumb Code    52  stm32f4xx_hal_tim.o(i.HAL_TIM_PWM_Init)
    HAL_TIM_PWM_MspInit                      0x080045bd   Thumb Code     2  stm32f4xx_hal_tim.o(i.HAL_TIM_PWM_MspInit)
    HAL_TIM_PWM_Start                        0x080045c1   Thumb Code    80  stm32f4xx_hal_tim.o(i.HAL_TIM_PWM_Start)
    HAL_TIM_PWM_Stop                         0x08004619   Thumb Code   126  stm32f4xx_hal_tim.o(i.HAL_TIM_PWM_Stop)
    HardFault_Handler                        0x080046a1   Thumb Code     4  stm32f4xx_it.o(i.HardFault_Handler)
    IRQ_Fall_Enable                          0x080046a5   Thumb Code   178  joystick.o(i.IRQ_Fall_Enable)
    IRQ_Rise_Enable                          0x08004775   Thumb Code   178  joystick.o(i.IRQ_Rise_Enable)
    Init_GPIO                                0x08004845   Thumb Code   226  joystick.o(i.Init_GPIO)
    MemManage_Handler                        0x08004949   Thumb Code     4  stm32f4xx_it.o(i.MemManage_Handler)
    NMI_Handler                              0x0800494d   Thumb Code     2  stm32f4xx_it.o(i.NMI_Handler)
    SystemCoreClockUpdate                    0x08004a19   Thumb Code   170  system_stm32f4xx.o(i.SystemCoreClockUpdate)
    SystemInit                               0x08004ad9   Thumb Code    24  system_stm32f4xx.o(i.SystemInit)
    TIM_Base_SetConfig                       0x08004af5   Thumb Code   170  stm32f4xx_hal_tim.o(i.TIM_Base_SetConfig)
    TIM_CCxChannelCmd                        0x08004bcd   Thumb Code    34  stm32f4xx_hal_tim.o(i.TIM_CCxChannelCmd)
    TIM_ETR_SetConfig                        0x08004bef   Thumb Code    22  stm32f4xx_hal_tim.o(i.TIM_ETR_SetConfig)
    TIM_OC2_SetConfig                        0x08004c89   Thumb Code   114  stm32f4xx_hal_tim.o(i.TIM_OC2_SetConfig)
    USART3_IRQHandler                        0x08004e89   Thumb Code    10  usart_stm32f4xx.o(i.USART3_IRQHandler)
    USART_IRQHandler                         0x080058fb   Thumb Code   626  usart_stm32f4xx.o(i.USART_IRQHandler)
    UsageFault_Handler                       0x0800639d   Thumb Code     4  stm32f4xx_it.o(i.UsageFault_Handler)
    __user_perthread_libspace                0x080063d9   Thumb Code    80  rtx_lib.o(i.__user_perthread_libspace)
    _is_digit                                0x08006431   Thumb Code    14  __printf_wp.o(i._is_digit)
    _mutex_acquire                           0x0800643f   Thumb Code    22  rtx_lib.o(i._mutex_acquire)
    _mutex_free                              0x08006455   Thumb Code    12  rtx_lib.o(i._mutex_free)
    _mutex_initialize                        0x08006461   Thumb Code    34  rtx_lib.o(i._mutex_initialize)
    _mutex_release                           0x08006483   Thumb Code    18  rtx_lib.o(i._mutex_release)
    _platform_post_stackheap_init            0x08006495   Thumb Code     8  rtx_lib.o(i._platform_post_stackheap_init)
    apagar_LED_azul                          0x0800649d   Thumb Code    12  rgb.o(i.apagar_LED_azul)
    apagar_LED_rojo                          0x080064ad   Thumb Code    12  rgb.o(i.apagar_LED_rojo)
    apagar_LED_verde                         0x080064bd   Thumb Code    12  rgb.o(i.apagar_LED_verde)
    app_main                                 0x080064cd   Thumb Code    18  thread.o(i.app_main)
    encender_LED_azul                        0x080064e9   Thumb Code    20  rgb.o(i.encender_LED_azul)
    encender_LED_rojo                        0x08006501   Thumb Code    20  rgb.o(i.encender_LED_rojo)
    encender_LED_verde                       0x08006519   Thumb Code    20  rgb.o(i.encender_LED_verde)
    _fputc$unlocked                          0x08006531   Thumb Code    26  fputc.o(i.fputc)
    initRGB                                  0x0800654d   Thumb Code   380  rgb.o(i.initRGB)
    init_USART                               0x080066d9   Thumb Code    86  usart.o(i.init_USART)
    intensidad_LED_azul                      0x08006735   Thumb Code     8  rgb.o(i.intensidad_LED_azul)
    intensidad_LED_rojo                      0x08006741   Thumb Code     8  rgb.o(i.intensidad_LED_rojo)
    intensidad_LED_verde                     0x0800674d   Thumb Code     8  rgb.o(i.intensidad_LED_verde)
    main                                     0x08006759   Thumb Code    70  main.o(i.main)
    osRtxErrorNotify                         0x080067a9   Thumb Code    32  rtx_config.o(i.osRtxErrorNotify)
    osRtxIdleThread                          0x080067c9   Thumb Code     4  rtx_config.o(i.osRtxIdleThread)
    tx_USART                                 0x08006ccd   Thumb Code    74  usart.o(i.tx_USART)
    _fp_init                                 0x08006d1d   Thumb Code    10  fpinit.o(x$fpl$fpinit)
    __fplib_config_fpu_vfp                   0x08006d25   Thumb Code     0  fpinit.o(x$fpl$fpinit)
    __fplib_config_pureend_doubles           0x08006d25   Thumb Code     0  fpinit.o(x$fpl$fpinit)
    app_main_attr                            0x08006d28   Data          36  thread.o(.constdata)
    osRtxUserSVC                             0x08006dac   Data           4  rtx_lib.o(.constdata)
    Driver_USART3                            0x08006e00   Data          56  usart_stm32f4xx.o(.constdata)
    AHBPrescTable                            0x08006e38   Data          16  system_stm32f4xx.o(.constdata)
    APBPrescTable                            0x08006e48   Data           8  system_stm32f4xx.o(.constdata)
    irqRtxLib                                0x08006e50   Data           1  irq_cm4f.o(.constdata)
    __stdin_name                             0x08006e8a   Data           4  sys_io.o(.constdata)
    __stdout_name                            0x08006e8e   Data           4  sys_io.o(.constdata)
    __stderr_name                            0x08006e92   Data           4  sys_io.o(.constdata)
    osRtxConfig                              0x08006e98   Data         104  rtx_lib.o(.rodata)
    os_cb_sections                           0x08006f00   Data          56  rtx_lib.o(.rodata)
    Region$$Table$$Base                      0x08006f44   Number         0  anon$$obj.o(Region$$Table)
    Region$$Table$$Limit                     0x08006f64   Number         0  anon$$obj.o(Region$$Table)
    .bss.os.msgqueue.cb$$Base                0x20008230   Number         0  rtx_lib.o(.bss.os.msgqueue.cb)
    .bss.os.msgqueue.cb$$Limit               0x20008264   Number         0  rtx_lib.o(.bss.os.msgqueue.cb)
    .bss.os.thread.cb$$Base                  0x200082b4   Number         0  rtx_lib.o(.bss.os.thread.cb)
    .bss.os.thread.cb$$Limit                 0x2000833c   Number         0  rtx_lib.o(.bss.os.thread.cb)
    XBEE_Tx                                  0x20008744   Data           8  joystick.o(.data)
    XBEE_Rx                                  0x2000874c   Data           8  joystick.o(.data)
    XBEE_STATUS                              0x20008754   Data           8  joystick.o(.data)
    XBEE_NRST                                0x2000875c   Data           8  joystick.o(.data)
    SW_CENTER                                0x20008764   Data           8  joystick.o(.data)
    LED_RED                                  0x2000876c   Data           8  joystick.o(.data)
    SPEAKER                                  0x20008774   Data           8  joystick.o(.data)
    LCD_A0                                   0x2000877c   Data           8  joystick.o(.data)
    LED_BLUE                                 0x20008784   Data           8  joystick.o(.data)
    LED_GREEN                                0x2000878c   Data           8  joystick.o(.data)
    LCD_CS_N                                 0x20008794   Data           8  joystick.o(.data)
    LCD_MOSI                                 0x2000879c   Data           8  joystick.o(.data)
    LCD_RESET                                0x200087a4   Data           8  joystick.o(.data)
    LCD_SCK                                  0x200087ac   Data           8  joystick.o(.data)
    SDA                                      0x200087b4   Data           8  joystick.o(.data)
    SCL                                      0x200087bc   Data           8  joystick.o(.data)
    SW_RIGHT                                 0x200087c4   Data           8  joystick.o(.data)
    SW_LEFT                                  0x200087cc   Data           8  joystick.o(.data)
    SW_DOWN                                  0x200087d4   Data           8  joystick.o(.data)
    SW_UP                                    0x200087dc   Data           8  joystick.o(.data)
    POT_2                                    0x200087e4   Data           8  joystick.o(.data)
    POT_3                                    0x200087ec   Data           8  joystick.o(.data)
    UP                                       0x200087f4   Data           4  thread.o(.data)
    DOWN                                     0x200087f8   Data           4  thread.o(.data)
    RIGHT                                    0x200087fc   Data           4  thread.o(.data)
    LEFT                                     0x20008800   Data           4  thread.o(.data)
    CENTER                                   0x20008804   Data           4  thread.o(.data)
    contUp                                   0x20008808   Data           4  thread.o(.data)
    contDown                                 0x2000880c   Data           4  thread.o(.data)
    contRight                                0x20008810   Data           4  thread.o(.data)
    contLeft                                 0x20008814   Data           4  thread.o(.data)
    contCenter                               0x20008818   Data           4  thread.o(.data)
    modo                                     0x2000881c   Data           4  thread.o(.data)
    inten                                    0x20008820   Data           4  thread.o(.data)
    encender                                 0x20008824   Data           4  thread.o(.data)
    tid_rebotes                              0x20008828   Data           4  thread.o(.data)
    irqRtxLibRef                             0x20008830   Data           4  rtx_lib.o(.data)
    uwTick                                   0x20008838   Data           4  stm32f4xx_hal.o(.data)
    uwTickPrio                               0x2000883c   Data           4  stm32f4xx_hal.o(.data)
    uwTickFreq                               0x20008840   Data           1  stm32f4xx_hal.o(.data)
    SystemCoreClock                          0x20008844   Data           4  system_stm32f4xx.o(.data)
    __aeabi_stdin                            0x20008848   Data           4  stdio_streams.o(.data)
    __aeabi_stdout                           0x2000884c   Data           4  stdio_streams.o(.data)
    __aeabi_stderr                           0x20008850   Data           4  stdio_streams.o(.data)
    _stream_list_lock                        0x20008854   Data           4  streamlock.o(.data)
    osRtxInfo                                0x20008858   Data         164  rtx_kernel.o(.data.os)
    htim1                                    0x200088fc   Data          64  rgb.o(.bss)
    htim4                                    0x2000893c   Data          64  rgb.o(.bss)
    __stdin                                  0x20008db8   Data          84  stdio_streams.o(.bss)
    __stdout                                 0x20008e0c   Data          84  stdio_streams.o(.bss)
    __stderr                                 0x20008e60   Data          84  stdio_streams.o(.bss)
    __libspace_start                         0x20008eb4   Data          96  libspace.o(.bss)
    __temporary_stack_top$libspace           0x20008f14   Data           0  libspace.o(.bss)



==============================================================================

Memory Map of the image

  Image Entry point : 0x080001ad

  Load Region LR_IROM1 (Base: 0x08000000, Size: 0x0000f860, Max: 0x00200000, ABSOLUTE, COMPRESSED[0x000070ec])

    Execution Region ER_IROM1 (Exec base: 0x08000000, Load base: 0x08000000, Size: 0x00006f64, Max: 0x00200000, ABSOLUTE)

    Exec Addr    Load Addr    Size         Type   Attr      Idx    E Section Name        Object

    0x08000000   0x08000000   0x000001ac   Data   RO         2671    RESET               startup_stm32f429xx.o
    0x080001ac   0x080001ac   0x00000008   Code   RO         3254  * !!!main             c_w.l(__main.o)
    0x080001b4   0x080001b4   0x00000034   Code   RO         3617    !!!scatter          c_w.l(__scatter.o)
    0x080001e8   0x080001e8   0x0000005a   Code   RO         3615    !!dczerorl2         c_w.l(__dczerorl2.o)
    0x08000242   0x08000242   0x00000002   PAD
    0x08000244   0x08000244   0x0000001c   Code   RO         3619    !!handler_zi        c_w.l(__scatter_zi.o)
    0x08000260   0x08000260   0x00000000   Code   RO         3245    .ARM.Collect$$_printf_percent$$00000000  c_w.l(_printf_percent.o)
    0x08000260   0x08000260   0x00000006   Code   RO         3243    .ARM.Collect$$_printf_percent$$00000001  c_w.l(_printf_n.o)
    0x08000266   0x08000266   0x00000006   Code   RO         3244    .ARM.Collect$$_printf_percent$$00000002  c_w.l(_printf_p.o)
    0x0800026c   0x0800026c   0x00000006   Code   RO         3242    .ARM.Collect$$_printf_percent$$00000014  c_w.l(_printf_s.o)
    0x08000272   0x08000272   0x00000004   Code   RO         3271    .ARM.Collect$$_printf_percent$$00000017  c_w.l(_printf_percent_end.o)
    0x08000276   0x08000276   0x00000002   Code   RO         3402    .ARM.Collect$$libinit$$00000000  c_w.l(libinit.o)
    0x08000278   0x08000278   0x00000004   Code   RO         3403    .ARM.Collect$$libinit$$00000001  c_w.l(libinit2.o)
    0x0800027c   0x0800027c   0x00000000   Code   RO         3406    .ARM.Collect$$libinit$$00000004  c_w.l(libinit2.o)
    0x0800027c   0x0800027c   0x00000008   Code   RO         3407    .ARM.Collect$$libinit$$00000005  c_w.l(libinit2.o)
    0x08000284   0x08000284   0x00000000   Code   RO         3409    .ARM.Collect$$libinit$$0000000A  c_w.l(libinit2.o)
    0x08000284   0x08000284   0x00000000   Code   RO         3411    .ARM.Collect$$libinit$$0000000C  c_w.l(libinit2.o)
    0x08000284   0x08000284   0x00000000   Code   RO         3413    .ARM.Collect$$libinit$$0000000E  c_w.l(libinit2.o)
    0x08000284   0x08000284   0x00000000   Code   RO         3416    .ARM.Collect$$libinit$$00000011  c_w.l(libinit2.o)
    0x08000284   0x08000284   0x00000000   Code   RO         3418    .ARM.Collect$$libinit$$00000013  c_w.l(libinit2.o)
    0x08000284   0x08000284   0x00000000   Code   RO         3420    .ARM.Collect$$libinit$$00000015  c_w.l(libinit2.o)
    0x08000284   0x08000284   0x00000000   Code   RO         3422    .ARM.Collect$$libinit$$00000017  c_w.l(libinit2.o)
    0x08000284   0x08000284   0x00000000   Code   RO         3424    .ARM.Collect$$libinit$$00000019  c_w.l(libinit2.o)
    0x08000284   0x08000284   0x00000000   Code   RO         3426    .ARM.Collect$$libinit$$0000001B  c_w.l(libinit2.o)
    0x08000284   0x08000284   0x00000000   Code   RO         3428    .ARM.Collect$$libinit$$0000001D  c_w.l(libinit2.o)
    0x08000284   0x08000284   0x00000000   Code   RO         3430    .ARM.Collect$$libinit$$0000001F  c_w.l(libinit2.o)
    0x08000284   0x08000284   0x00000000   Code   RO         3432    .ARM.Collect$$libinit$$00000021  c_w.l(libinit2.o)
    0x08000284   0x08000284   0x00000000   Code   RO         3434    .ARM.Collect$$libinit$$00000023  c_w.l(libinit2.o)
    0x08000284   0x08000284   0x00000004   Code   RO         3435    .ARM.Collect$$libinit$$00000024  c_w.l(libinit2.o)
    0x08000288   0x08000288   0x00000000   Code   RO         3436    .ARM.Collect$$libinit$$00000025  c_w.l(libinit2.o)
    0x08000288   0x08000288   0x00000000   Code   RO         3440    .ARM.Collect$$libinit$$0000002C  c_w.l(libinit2.o)
    0x08000288   0x08000288   0x00000000   Code   RO         3442    .ARM.Collect$$libinit$$0000002E  c_w.l(libinit2.o)
    0x08000288   0x08000288   0x00000000   Code   RO         3444    .ARM.Collect$$libinit$$00000030  c_w.l(libinit2.o)
    0x08000288   0x08000288   0x00000000   Code   RO         3446    .ARM.Collect$$libinit$$00000032  c_w.l(libinit2.o)
    0x08000288   0x08000288   0x00000002   Code   RO         3447    .ARM.Collect$$libinit$$00000033  c_w.l(libinit2.o)
    0x0800028a   0x0800028a   0x00000002   Code   RO         3596    .ARM.Collect$$libshutdown$$00000000  c_w.l(libshutdown.o)
    0x0800028c   0x0800028c   0x00000000   Code   RO         3449    .ARM.Collect$$libshutdown$$00000002  c_w.l(libshutdown2.o)
    0x0800028c   0x0800028c   0x00000004   Code   RO         3450    .ARM.Collect$$libshutdown$$00000003  c_w.l(libshutdown2.o)
    0x08000290   0x08000290   0x00000000   Code   RO         3451    .ARM.Collect$$libshutdown$$00000004  c_w.l(libshutdown2.o)
    0x08000290   0x08000290   0x00000000   Code   RO         3454    .ARM.Collect$$libshutdown$$00000007  c_w.l(libshutdown2.o)
    0x08000290   0x08000290   0x00000000   Code   RO         3457    .ARM.Collect$$libshutdown$$0000000A  c_w.l(libshutdown2.o)
    0x08000290   0x08000290   0x00000000   Code   RO         3459    .ARM.Collect$$libshutdown$$0000000C  c_w.l(libshutdown2.o)
    0x08000290   0x08000290   0x00000004   Code   RO         3460    .ARM.Collect$$libshutdown$$0000000D  c_w.l(libshutdown2.o)
    0x08000294   0x08000294   0x00000000   Code   RO         3462    .ARM.Collect$$libshutdown$$0000000F  c_w.l(libshutdown2.o)
    0x08000294   0x08000294   0x00000002   Code   RO         3463    .ARM.Collect$$libshutdown$$00000010  c_w.l(libshutdown2.o)
    0x08000296   0x08000296   0x00000000   Code   RO         3256    .ARM.Collect$$rtentry$$00000000  c_w.l(__rtentry.o)
    0x08000296   0x08000296   0x00000000   Code   RO         3281    .ARM.Collect$$rtentry$$00000002  c_w.l(__rtentry2.o)
    0x08000296   0x08000296   0x00000006   Code   RO         3293    .ARM.Collect$$rtentry$$00000004  c_w.l(__rtentry4.o)
    0x0800029c   0x0800029c   0x00000008   Code   RO         3282    .ARM.Collect$$rtentry$$00000008  c_w.l(__rtentry2.o)
    0x080002a4   0x080002a4   0x00000004   Code   RO         3284    .ARM.Collect$$rtentry$$0000000A  c_w.l(__rtentry2.o)
    0x080002a8   0x080002a8   0x00000000   Code   RO         3286    .ARM.Collect$$rtentry$$0000000C  c_w.l(__rtentry2.o)
    0x080002a8   0x080002a8   0x00000008   Code   RO         3287    .ARM.Collect$$rtentry$$0000000D  c_w.l(__rtentry2.o)
    0x080002b0   0x080002b0   0x00000002   Code   RO         3472    .ARM.Collect$$rtexit$$00000000  c_w.l(rtexit.o)
    0x080002b2   0x080002b2   0x00000000   Code   RO         3532    .ARM.Collect$$rtexit$$00000002  c_w.l(rtexit2.o)
    0x080002b2   0x080002b2   0x00000004   Code   RO         3533    .ARM.Collect$$rtexit$$00000003  c_w.l(rtexit2.o)
    0x080002b6   0x080002b6   0x00000006   Code   RO         3534    .ARM.Collect$$rtexit$$00000004  c_w.l(rtexit2.o)
    0x080002bc   0x080002bc   0x00000000   Code   RO         3539    .emb_text           c_w.l(maybetermalloc2.o)
    0x080002bc   0x080002bc   0x00000040   Code   RO         2672    .text               startup_stm32f429xx.o
    0x080002fc   0x080002fc   0x000000c4   Code   RO         2968    .text               RTX_CM4F.lib(irq_cm4f.o)
    0x080003c0   0x080003c0   0x000000ee   Code   RO         3183    .text               c_w.l(lludivv7m.o)
    0x080004ae   0x080004ae   0x00000002   PAD
    0x080004b0   0x080004b0   0x00000018   Code   RO         3185    .text               c_w.l(__2printf.o)
    0x080004c8   0x080004c8   0x0000002c   Code   RO         3187    .text               c_w.l(__2sprintf.o)
    0x080004f4   0x080004f4   0x0000004e   Code   RO         3195    .text               c_w.l(_printf_pad.o)
    0x08000542   0x08000542   0x00000052   Code   RO         3197    .text               c_w.l(_printf_str.o)
    0x08000594   0x08000594   0x00000028   Code   RO         3199    .text               c_w.l(_printf_charcount.o)
    0x080005bc   0x080005bc   0x00000054   Code   RO         3210    .text               c_w.l(_printf_hex_ptr.o)
    0x08000610   0x08000610   0x00000188   Code   RO         3239    .text               c_w.l(__printf_flags_ss_wp.o)
    0x08000798   0x08000798   0x0000008a   Code   RO         3246    .text               c_w.l(rt_memcpy_v6.o)
    0x08000822   0x08000822   0x00000044   Code   RO         3248    .text               c_w.l(rt_memclr.o)
    0x08000866   0x08000866   0x0000004e   Code   RO         3250    .text               c_w.l(rt_memclr_w.o)
    0x080008b4   0x080008b4   0x00000006   Code   RO         3252    .text               c_w.l(heapauxi.o)
    0x080008ba   0x080008ba   0x000000b2   Code   RO         3261    .text               c_w.l(_printf_intcommon.o)
    0x0800096c   0x0800096c   0x00000030   Code   RO         3263    .text               c_w.l(_printf_char_common.o)
    0x0800099c   0x0800099c   0x0000000a   Code   RO         3265    .text               c_w.l(_sputc.o)
    0x080009a6   0x080009a6   0x0000002c   Code   RO         3267    .text               c_w.l(_printf_char.o)
    0x080009d2   0x080009d2   0x00000064   Code   RO         3278    .text               c_w.l(rt_memcpy_w.o)
    0x08000a36   0x08000a36   0x00000002   PAD
    0x08000a38   0x08000a38   0x000001c8   Code   RO         3311    .text               c_w.l(initio_locked.o)
    0x08000c00   0x08000c00   0x00000066   Code   RO         3313    .text               c_w.l(sys_io.o)
    0x08000c66   0x08000c66   0x0000004a   Code   RO         3318    .text               c_w.l(sys_stackheap_outer.o)
    0x08000cb0   0x08000cb0   0x00000076   Code   RO         3324    .text               c_w.l(h1_free_mt.o)
    0x08000d26   0x08000d26   0x000001d6   Code   RO         3376    .text               c_w.l(flsbuf.o)
    0x08000efc   0x08000efc   0x0000004c   Code   RO         3383    .text               c_w.l(fclose.o)
    0x08000f48   0x08000f48   0x00000068   Code   RO         3385    .text               c_w.l(setvbuf_locked.o)
    0x08000fb0   0x08000fb0   0x00000144   Code   RO         3387    .text               c_w.l(fopen_locked.o)
    0x080010f4   0x080010f4   0x00000012   Code   RO         3389    .text               c_w.l(exit.o)
    0x08001106   0x08001106   0x0000000e   Code   RO         3395    .text               c_w.l(defsig_rtred_outer.o)
    0x08001114   0x08001114   0x00000008   Code   RO         3466    .text               c_w.l(libspace.o)
    0x0800111c   0x0800111c   0x00000002   Code   RO         3469    .text               c_w.l(use_no_semi.o)
    0x0800111e   0x0800111e   0x00000000   Code   RO         3471    .text               c_w.l(indicate_semi.o)
    0x0800111e   0x0800111e   0x0000000a   Code   RO         3481    .text               c_w.l(rt_heap_descriptor_twolibspace.o)
    0x08001128   0x08001128   0x00000004   Code   RO         3483    .text               c_w.l(hguard.o)
    0x0800112c   0x0800112c   0x0000008a   Code   RO         3485    .text               c_w.l(init_alloc.o)
    0x080011b6   0x080011b6   0x0000009e   Code   RO         3493    .text               c_w.l(h1_alloc_mt.o)
    0x08001254   0x08001254   0x00000040   Code   RO         3505    .text               c_w.l(_printf_char_file_locked.o)
    0x08001294   0x08001294   0x000000f8   Code   RO         3507    .text               c_w.l(fseek.o)
    0x0800138c   0x0800138c   0x000000f0   Code   RO         3509    .text               c_w.l(stdio.o)
    0x0800147c   0x0800147c   0x0000000a   Code   RO         3515    .text               c_w.l(defsig_exit.o)
    0x08001486   0x08001486   0x00000002   PAD
    0x08001488   0x08001488   0x00000034   Code   RO         3519    .text               c_w.l(defsig_rtred_inner.o)
    0x080014bc   0x080014bc   0x0000003e   Code   RO         3523    .text               c_w.l(strlen.o)
    0x080014fa   0x080014fa   0x00000002   PAD
    0x080014fc   0x080014fc   0x0000000c   Code   RO         3529    .text               c_w.l(sys_exit.o)
    0x08001508   0x08001508   0x00000012   Code   RO         3544    .text               c_w.l(h1_init_mt.o)
    0x0800151a   0x0800151a   0x0000003e   Code   RO         3546    .text               c_w.l(h1_extend_mt.o)
    0x08001558   0x08001558   0x00000042   Code   RO         3552    .text               c_w.l(ftell.o)
    0x0800159a   0x0800159a   0x00000032   Code   RO         3560    .text               c_w.l(defsig_general.o)
    0x080015cc   0x080015cc   0x0000000e   Code   RO         3562    .text               c_w.l(defsig_rtmem_outer.o)
    0x080015da   0x080015da   0x0000000e   Code   RO         3575    .text               c_w.l(sys_wrch.o)
    0x080015e8   0x080015e8   0x00000004   Code   RO         3584    .text               c_w.l(rt_errno_addr_twolibspace.o)
    0x080015ec   0x080015ec   0x00000010   Code   RO         3588    .text               c_w.l(term_alloc.o)
    0x080015fc   0x080015fc   0x00000050   Code   RO         3590    .text               c_w.l(defsig_rtmem_inner.o)
    0x0800164c   0x0800164c   0x0000000a   Code   RO         3599    .text               c_w.l(h1_final_mt.o)
    0x08001656   0x08001656   0x00000040   Code   RO         3165    .text.MessageQueueGet  RTX_CM4F.lib(rtx_msgqueue.o)
    0x08001696   0x08001696   0x00000058   Code   RO         3159    .text.MessageQueuePut  RTX_CM4F.lib(rtx_msgqueue.o)
    0x080016ee   0x080016ee   0x0000001c   Code   RO         3157    .text.MessageQueueRemove  RTX_CM4F.lib(rtx_msgqueue.o)
    0x0800170a   0x0800170a   0x00000002   PAD
    0x0800170c   0x0800170c   0x0000000c   Code   RO         3103    .text.OS_Tick_AcknowledgeIRQ  RTX_CM4F.lib(os_systick.o)
    0x08001718   0x08001718   0x0000002c   Code   RO         3099    .text.OS_Tick_Enable  RTX_CM4F.lib(os_systick.o)
    0x08001744   0x08001744   0x00000006   Code   RO         3105    .text.OS_Tick_GetIRQn  RTX_CM4F.lib(os_systick.o)
    0x0800174a   0x0800174a   0x00000002   PAD
    0x0800174c   0x0800174c   0x00000040   Code   RO         3097    .text.OS_Tick_Setup  RTX_CM4F.lib(os_systick.o)
    0x0800178c   0x0800178c   0x0000006e   Code   RO         2861    .text.ThreadFlagsCheck  RTX_CM4F.lib(rtx_thread.o)
    0x080017fa   0x080017fa   0x00000002   PAD
    0x080017fc   0x080017fc   0x00000048   Code   RO         2989    .text.TimerInsert   RTX_CM4F.lib(rtx_timer.o)
    0x08001844   0x08001844   0x00000024   Code   RO         2914    .text.osDelay       RTX_CM4F.lib(rtx_delay.o)
    0x08001868   0x08001868   0x00000030   Code   RO         2722    .text.osKernelGetState  RTX_CM4F.lib(rtx_kernel.o)
    0x08001898   0x08001898   0x00000028   Code   RO         2738    .text.osKernelGetTickCount  RTX_CM4F.lib(rtx_kernel.o)
    0x080018c0   0x080018c0   0x0000002c   Code   RO         2716    .text.osKernelInitialize  RTX_CM4F.lib(rtx_kernel.o)
    0x080018ec   0x080018ec   0x00000024   Code   RO         2726    .text.osKernelStart  RTX_CM4F.lib(rtx_kernel.o)
    0x08001910   0x08001910   0x0000006c   Code   RO         3131    .text.osMessageQueueGet  RTX_CM4F.lib(rtx_msgqueue.o)
    0x0800197c   0x0800197c   0x00000024   Code   RO         3125    .text.osMessageQueueNew  RTX_CM4F.lib(rtx_msgqueue.o)
    0x080019a0   0x080019a0   0x00000078   Code   RO         3129    .text.osMessageQueuePut  RTX_CM4F.lib(rtx_msgqueue.o)
    0x08001a18   0x08001a18   0x00000024   Code   RO         2939    .text.osMutexAcquire  RTX_CM4F.lib(rtx_mutex.o)
    0x08001a3c   0x08001a3c   0x00000024   Code   RO         2945    .text.osMutexDelete  RTX_CM4F.lib(rtx_mutex.o)
    0x08001a60   0x08001a60   0x00000024   Code   RO         2935    .text.osMutexNew    RTX_CM4F.lib(rtx_mutex.o)
    0x08001a84   0x08001a84   0x00000024   Code   RO         2941    .text.osMutexRelease  RTX_CM4F.lib(rtx_mutex.o)
    0x08001aa8   0x08001aa8   0x00000002   Code   RO         2714    .text.osRtxKernelPreInit  RTX_CM4F.lib(rtx_kernel.o)
    0x08001aaa   0x08001aaa   0x00000070   Code   RO         3016    .text.osRtxMemoryAlloc  RTX_CM4F.lib(rtx_memory.o)
    0x08001b1a   0x08001b1a   0x00000046   Code   RO         3018    .text.osRtxMemoryFree  RTX_CM4F.lib(rtx_memory.o)
    0x08001b60   0x08001b60   0x0000003c   Code   RO         3014    .text.osRtxMemoryInit  RTX_CM4F.lib(rtx_memory.o)
    0x08001b9c   0x08001b9c   0x0000003a   Code   RO         3031    .text.osRtxMemoryPoolAlloc  RTX_CM4F.lib(rtx_mempool.o)
    0x08001bd6   0x08001bd6   0x0000004a   Code   RO         3033    .text.osRtxMemoryPoolFree  RTX_CM4F.lib(rtx_mempool.o)
    0x08001c20   0x08001c20   0x00000036   Code   RO         3029    .text.osRtxMemoryPoolInit  RTX_CM4F.lib(rtx_mempool.o)
    0x08001c56   0x08001c56   0x000000ba   Code   RO         3155    .text.osRtxMessageQueuePostProcess  RTX_CM4F.lib(rtx_msgqueue.o)
    0x08001d10   0x08001d10   0x00000048   Code   RO         2931    .text.osRtxMutexOwnerRelease  RTX_CM4F.lib(rtx_mutex.o)
    0x08001d58   0x08001d58   0x00000042   Code   RO         2933    .text.osRtxMutexOwnerRestore  RTX_CM4F.lib(rtx_mutex.o)
    0x08001d9a   0x08001d9a   0x00000002   PAD
    0x08001d9c   0x08001d9c   0x0000008c   Code   RO         3084    .text.osRtxPendSV_Handler  RTX_CM4F.lib(rtx_system.o)
    0x08001e28   0x08001e28   0x00000074   Code   RO         3086    .text.osRtxPostProcess  RTX_CM4F.lib(rtx_system.o)
    0x08001e9c   0x08001e9c   0x00000038   Code   RO         2801    .text.osRtxThreadBlock  RTX_CM4F.lib(rtx_thread.o)
    0x08001ed4   0x08001ed4   0x00000074   Code   RO         2809    .text.osRtxThreadDelayInsert  RTX_CM4F.lib(rtx_thread.o)
    0x08001f48   0x08001f48   0x0000003c   Code   RO         2805    .text.osRtxThreadDelayRemove  RTX_CM4F.lib(rtx_thread.o)
    0x08001f84   0x08001f84   0x0000004c   Code   RO         2789    .text.osRtxThreadDelayTick  RTX_CM4F.lib(rtx_thread.o)
    0x08001fd0   0x08001fd0   0x00000058   Code   RO         2799    .text.osRtxThreadDispatch  RTX_CM4F.lib(rtx_thread.o)
    0x08002028   0x08002028   0x00000058   Code   RO         2885    .text.osRtxThreadFree  RTX_CM4F.lib(rtx_thread.o)
    0x08002080   0x08002080   0x00000012   Code   RO         2781    .text.osRtxThreadListGet  RTX_CM4F.lib(rtx_thread.o)
    0x08002092   0x08002092   0x0000002c   Code   RO         2779    .text.osRtxThreadListPut  RTX_CM4F.lib(rtx_thread.o)
    0x080020be   0x080020be   0x00000014   Code   RO         2785    .text.osRtxThreadListRemove  RTX_CM4F.lib(rtx_thread.o)
    0x080020d2   0x080020d2   0x0000000c   Code   RO         2791    .text.osRtxThreadListRoot  RTX_CM4F.lib(rtx_thread.o)
    0x080020de   0x080020de   0x00000026   Code   RO         2783    .text.osRtxThreadListSort  RTX_CM4F.lib(rtx_thread.o)
    0x08002104   0x08002104   0x00000028   Code   RO         2859    .text.osRtxThreadPostProcess  RTX_CM4F.lib(rtx_thread.o)
    0x0800212c   0x0800212c   0x00000014   Code   RO         2787    .text.osRtxThreadReadyPut  RTX_CM4F.lib(rtx_thread.o)
    0x08002140   0x08002140   0x00000014   Code   RO         2793    .text.osRtxThreadRegPtr  RTX_CM4F.lib(rtx_thread.o)
    0x08002154   0x08002154   0x00000028   Code   RO         2797    .text.osRtxThreadStackCheck  RTX_CM4F.lib(rtx_thread.o)
    0x0800217c   0x0800217c   0x00000040   Code   RO         2811    .text.osRtxThreadStartup  RTX_CM4F.lib(rtx_thread.o)
    0x080021bc   0x080021bc   0x00000010   Code   RO         2795    .text.osRtxThreadSwitch  RTX_CM4F.lib(rtx_thread.o)
    0x080021cc   0x080021cc   0x00000038   Code   RO         2807    .text.osRtxThreadWaitEnter  RTX_CM4F.lib(rtx_thread.o)
    0x08002204   0x08002204   0x00000032   Code   RO         2803    .text.osRtxThreadWaitExit  RTX_CM4F.lib(rtx_thread.o)
    0x08002236   0x08002236   0x00000002   PAD
    0x08002238   0x08002238   0x00000070   Code   RO         3082    .text.osRtxTick_Handler  RTX_CM4F.lib(rtx_system.o)
    0x080022a8   0x080022a8   0x0000003c   Code   RO         2973    .text.osRtxTimerThread  RTX_CM4F.lib(rtx_timer.o)
    0x080022e4   0x080022e4   0x00000054   Code   RO         2975    .text.osRtxTimerTick  RTX_CM4F.lib(rtx_timer.o)
    0x08002338   0x08002338   0x0000000c   Code   RO         2843    .text.osThreadExit  RTX_CM4F.lib(rtx_thread.o)
    0x08002344   0x08002344   0x00000024   Code   RO         2853    .text.osThreadFlagsClear  RTX_CM4F.lib(rtx_thread.o)
    0x08002368   0x08002368   0x00000058   Code   RO         2851    .text.osThreadFlagsSet  RTX_CM4F.lib(rtx_thread.o)
    0x080023c0   0x080023c0   0x00000024   Code   RO         2857    .text.osThreadFlagsWait  RTX_CM4F.lib(rtx_thread.o)
    0x080023e4   0x080023e4   0x00000028   Code   RO         2819    .text.osThreadGetId  RTX_CM4F.lib(rtx_thread.o)
    0x0800240c   0x0800240c   0x00000024   Code   RO         2815    .text.osThreadNew   RTX_CM4F.lib(rtx_thread.o)
    0x08002430   0x08002430   0x00000014   Code   RO         2918    .text.svcRtxDelay   RTX_CM4F.lib(rtx_delay.o)
    0x08002444   0x08002444   0x0000000c   Code   RO         2724    .text.svcRtxKernelGetState  RTX_CM4F.lib(rtx_kernel.o)
    0x08002450   0x08002450   0x0000000c   Code   RO         2740    .text.svcRtxKernelGetTickCount  RTX_CM4F.lib(rtx_kernel.o)
    0x0800245c   0x0800245c   0x00000150   Code   RO         2754    .text.svcRtxKernelInitialize  RTX_CM4F.lib(rtx_kernel.o)
    0x080025ac   0x080025ac   0x00000088   Code   RO         2756    .text.svcRtxKernelStart  RTX_CM4F.lib(rtx_kernel.o)
    0x08002634   0x08002634   0x000000e0   Code   RO         3167    .text.svcRtxMessageQueueGet  RTX_CM4F.lib(rtx_msgqueue.o)
    0x08002714   0x08002714   0x00000130   Code   RO         3153    .text.svcRtxMessageQueueNew  RTX_CM4F.lib(rtx_msgqueue.o)
    0x08002844   0x08002844   0x000000c0   Code   RO         3163    .text.svcRtxMessageQueuePut  RTX_CM4F.lib(rtx_msgqueue.o)
    0x08002904   0x08002904   0x00000094   Code   RO         2951    .text.svcRtxMutexAcquire  RTX_CM4F.lib(rtx_mutex.o)
    0x08002998   0x08002998   0x000000b0   Code   RO         2957    .text.svcRtxMutexDelete  RTX_CM4F.lib(rtx_mutex.o)
    0x08002a48   0x08002a48   0x00000068   Code   RO         2947    .text.svcRtxMutexNew  RTX_CM4F.lib(rtx_mutex.o)
    0x08002ab0   0x08002ab0   0x000000b4   Code   RO         2953    .text.svcRtxMutexRelease  RTX_CM4F.lib(rtx_mutex.o)
    0x08002b64   0x08002b64   0x00000068   Code   RO         2889    .text.svcRtxThreadExit  RTX_CM4F.lib(rtx_thread.o)
    0x08002bcc   0x08002bcc   0x00000034   Code   RO         2899    .text.svcRtxThreadFlagsClear  RTX_CM4F.lib(rtx_thread.o)
    0x08002c00   0x08002c00   0x00000066   Code   RO         2897    .text.svcRtxThreadFlagsSet  RTX_CM4F.lib(rtx_thread.o)
    0x08002c66   0x08002c66   0x00000002   PAD
    0x08002c68   0x08002c68   0x0000004c   Code   RO         2903    .text.svcRtxThreadFlagsWait  RTX_CM4F.lib(rtx_thread.o)
    0x08002cb4   0x08002cb4   0x0000000c   Code   RO         2821    .text.svcRtxThreadGetId  RTX_CM4F.lib(rtx_thread.o)
    0x08002cc0   0x08002cc0   0x000001d0   Code   RO         2813    .text.svcRtxThreadNew  RTX_CM4F.lib(rtx_thread.o)
    0x08002e90   0x08002e90   0x00000004   Code   RO          170    i.BusFault_Handler  stm32f4xx_it.o
    0x08002e94   0x08002e94   0x00000002   Code   RO          171    i.DebugMon_Handler  stm32f4xx_it.o
    0x08002e96   0x08002e96   0x00000014   Code   RO          172    i.EXTI15_10_IRQHandler  stm32f4xx_it.o
    0x08002eaa   0x08002eaa   0x0000000a   Code   RO          173    i.EXTI2_IRQHandler  stm32f4xx_it.o
    0x08002eb4   0x08002eb4   0x0000000a   Code   RO          174    i.EXTI3_IRQHandler  stm32f4xx_it.o
    0x08002ebe   0x08002ebe   0x0000000a   Code   RO          175    i.EXTI9_5_IRQHandler  stm32f4xx_it.o
    0x08002ec8   0x08002ec8   0x00000184   Code   RO          627    i.Enable_GPIO_Clock  usart_stm32f4xx.o
    0x0800304c   0x0800304c   0x0000016c   Code   RO            4    i.Error_Handler     main.o
    0x080031b8   0x080031b8   0x000000aa   Code   RO         1163    i.HAL_DMA_Abort     stm32f4xx_hal_dma.o
    0x08003262   0x08003262   0x00000002   PAD
    0x08003264   0x08003264   0x00000180   Code   RO         1307    i.HAL_GPIO_DeInit   stm32f4xx_hal_gpio.o
    0x080033e4   0x080033e4   0x00000120   Code   RO          422    i.HAL_GPIO_EXTI_Callback  thread.o
    0x08003504   0x08003504   0x0000001c   Code   RO         1309    i.HAL_GPIO_EXTI_IRQHandler  stm32f4xx_hal_gpio.o
    0x08003520   0x08003520   0x0000021c   Code   RO         1310    i.HAL_GPIO_Init     stm32f4xx_hal_gpio.o
    0x0800373c   0x0800373c   0x00000010   Code   RO         1312    i.HAL_GPIO_ReadPin  stm32f4xx_hal_gpio.o
    0x0800374c   0x0800374c   0x0000000c   Code   RO         1314    i.HAL_GPIO_WritePin  stm32f4xx_hal_gpio.o
    0x08003758   0x08003758   0x0000004c   Code   RO            5    i.HAL_GetTick       main.o
    0x080037a4   0x080037a4   0x00000030   Code   RO          844    i.HAL_Init          stm32f4xx_hal.o
    0x080037d4   0x080037d4   0x0000004c   Code   RO          845    i.HAL_InitTick      stm32f4xx_hal.o
    0x08003820   0x08003820   0x00000048   Code   RO          252    i.HAL_MspInit       stm32f4xx_hal_msp.o
    0x08003868   0x08003868   0x0000002c   Code   RO         1024    i.HAL_NVIC_DisableIRQ  stm32f4xx_hal_cortex.o
    0x08003894   0x08003894   0x00000028   Code   RO         1025    i.HAL_NVIC_EnableIRQ  stm32f4xx_hal_cortex.o
    0x080038bc   0x080038bc   0x0000007c   Code   RO         1031    i.HAL_NVIC_SetPriority  stm32f4xx_hal_cortex.o
    0x08003938   0x08003938   0x00000028   Code   RO         1032    i.HAL_NVIC_SetPriorityGrouping  stm32f4xx_hal_cortex.o
    0x08003960   0x08003960   0x0000008c   Code   RO         1499    i.HAL_PWREx_EnableOverDrive  stm32f4xx_hal_pwr_ex.o
    0x080039ec   0x080039ec   0x00000184   Code   RO         1566    i.HAL_RCC_ClockConfig  stm32f4xx_hal_rcc.o
    0x08003b70   0x08003b70   0x0000000c   Code   RO         1571    i.HAL_RCC_GetHCLKFreq  stm32f4xx_hal_rcc.o
    0x08003b7c   0x08003b7c   0x00000020   Code   RO         1573    i.HAL_RCC_GetPCLK1Freq  stm32f4xx_hal_rcc.o
    0x08003b9c   0x08003b9c   0x000000b0   Code   RO         1575    i.HAL_RCC_GetSysClockFreq  stm32f4xx_hal_rcc.o
    0x08003c4c   0x08003c4c   0x00000488   Code   RO         1578    i.HAL_RCC_OscConfig  stm32f4xx_hal_rcc.o
    0x080040d4   0x080040d4   0x00000034   Code   RO         1036    i.HAL_SYSTICK_Config  stm32f4xx_hal_cortex.o
    0x08004108   0x08004108   0x00000074   Code   RO         2424    i.HAL_TIMEx_ConfigBreakDeadTime  stm32f4xx_hal_tim_ex.o
    0x0800417c   0x0800417c   0x000000b4   Code   RO         2439    i.HAL_TIMEx_MasterConfigSynchronization  stm32f4xx_hal_tim_ex.o
    0x08004230   0x08004230   0x00000034   Code   RO         1735    i.HAL_TIM_Base_Init  stm32f4xx_hal_tim.o
    0x08004264   0x08004264   0x00000064   Code   RO          254    i.HAL_TIM_Base_MspInit  stm32f4xx_hal_msp.o
    0x080042c8   0x080042c8   0x00000108   Code   RO         1744    i.HAL_TIM_ConfigClockSource  stm32f4xx_hal_tim.o
    0x080043d0   0x080043d0   0x000000b0   Code   RO          255    i.HAL_TIM_MspPostInit  stm32f4xx_hal_msp.o
    0x08004480   0x08004480   0x00000108   Code   RO         1802    i.HAL_TIM_PWM_ConfigChannel  stm32f4xx_hal_tim.o
    0x08004588   0x08004588   0x00000034   Code   RO         1805    i.HAL_TIM_PWM_Init  stm32f4xx_hal_tim.o
    0x080045bc   0x080045bc   0x00000002   Code   RO         1807    i.HAL_TIM_PWM_MspInit  stm32f4xx_hal_tim.o
    0x080045be   0x080045be   0x00000002   PAD
    0x080045c0   0x080045c0   0x00000058   Code   RO         1810    i.HAL_TIM_PWM_Start  stm32f4xx_hal_tim.o
    0x08004618   0x08004618   0x00000088   Code   RO         1813    i.HAL_TIM_PWM_Stop  stm32f4xx_hal_tim.o
    0x080046a0   0x080046a0   0x00000004   Code   RO          176    i.HardFault_Handler  stm32f4xx_it.o
    0x080046a4   0x080046a4   0x000000d0   Code   RO          299    i.IRQ_Fall_Enable   joystick.o
    0x08004774   0x08004774   0x000000d0   Code   RO          300    i.IRQ_Rise_Enable   joystick.o
    0x08004844   0x08004844   0x00000104   Code   RO          301    i.Init_GPIO         joystick.o
    0x08004948   0x08004948   0x00000004   Code   RO          177    i.MemManage_Handler  stm32f4xx_it.o
    0x0800494c   0x0800494c   0x00000002   Code   RO          178    i.NMI_Handler       stm32f4xx_it.o
    0x0800494e   0x0800494e   0x00000002   PAD
    0x08004950   0x08004950   0x000000c8   Code   RO            6    i.SystemClock_Config  main.o
    0x08004a18   0x08004a18   0x000000c0   Code   RO         2679    i.SystemCoreClockUpdate  system_stm32f4xx.o
    0x08004ad8   0x08004ad8   0x0000001c   Code   RO         2680    i.SystemInit        system_stm32f4xx.o
    0x08004af4   0x08004af4   0x000000d8   Code   RO         1823    i.TIM_Base_SetConfig  stm32f4xx_hal_tim.o
    0x08004bcc   0x08004bcc   0x00000022   Code   RO         1824    i.TIM_CCxChannelCmd  stm32f4xx_hal_tim.o
    0x08004bee   0x08004bee   0x00000016   Code   RO         1834    i.TIM_ETR_SetConfig  stm32f4xx_hal_tim.o
    0x08004c04   0x08004c04   0x00000012   Code   RO         1835    i.TIM_ITRx_SetConfig  stm32f4xx_hal_tim.o
    0x08004c16   0x08004c16   0x00000002   PAD
    0x08004c18   0x08004c18   0x00000070   Code   RO         1836    i.TIM_OC1_SetConfig  stm32f4xx_hal_tim.o
    0x08004c88   0x08004c88   0x0000007c   Code   RO         1837    i.TIM_OC2_SetConfig  stm32f4xx_hal_tim.o
    0x08004d04   0x08004d04   0x00000078   Code   RO         1838    i.TIM_OC3_SetConfig  stm32f4xx_hal_tim.o
    0x08004d7c   0x08004d7c   0x00000054   Code   RO         1839    i.TIM_OC4_SetConfig  stm32f4xx_hal_tim.o
    0x08004dd0   0x08004dd0   0x00000026   Code   RO         1841    i.TIM_TI1_ConfigInputStage  stm32f4xx_hal_tim.o
    0x08004df6   0x08004df6   0x00000028   Code   RO         1843    i.TIM_TI2_ConfigInputStage  stm32f4xx_hal_tim.o
    0x08004e1e   0x08004e1e   0x00000002   PAD
    0x08004e20   0x08004e20   0x00000018   Code   RO          628    i.USART3_Control    usart_stm32f4xx.o
    0x08004e38   0x08004e38   0x00000010   Code   RO          629    i.USART3_GetCapabilities  usart_stm32f4xx.o
    0x08004e48   0x08004e48   0x00000010   Code   RO          630    i.USART3_GetModemStatus  usart_stm32f4xx.o
    0x08004e58   0x08004e58   0x00000010   Code   RO          631    i.USART3_GetRxCount  usart_stm32f4xx.o
    0x08004e68   0x08004e68   0x00000010   Code   RO          632    i.USART3_GetStatus  usart_stm32f4xx.o
    0x08004e78   0x08004e78   0x00000010   Code   RO          633    i.USART3_GetTxCount  usart_stm32f4xx.o
    0x08004e88   0x08004e88   0x00000010   Code   RO          634    i.USART3_IRQHandler  usart_stm32f4xx.o
    0x08004e98   0x08004e98   0x00000014   Code   RO          635    i.USART3_Initialize  usart_stm32f4xx.o
    0x08004eac   0x08004eac   0x00000014   Code   RO          636    i.USART3_PowerControl  usart_stm32f4xx.o
    0x08004ec0   0x08004ec0   0x00000018   Code   RO          637    i.USART3_Receive    usart_stm32f4xx.o
    0x08004ed8   0x08004ed8   0x00000018   Code   RO          638    i.USART3_Send       usart_stm32f4xx.o
    0x08004ef0   0x08004ef0   0x00000014   Code   RO          639    i.USART3_SetModemControl  usart_stm32f4xx.o
    0x08004f04   0x08004f04   0x0000001c   Code   RO          640    i.USART3_Transfer   usart_stm32f4xx.o
    0x08004f20   0x08004f20   0x00000010   Code   RO          641    i.USART3_Uninitialize  usart_stm32f4xx.o
    0x08004f30   0x08004f30   0x000008ec   Code   RO          642    i.USART_Control     usart_stm32f4xx.o
    0x0800581c   0x0800581c   0x00000006   Code   RO          643    i.USART_GetCapabilities  usart_stm32f4xx.o
    0x08005822   0x08005822   0x00000052   Code   RO          644    i.USART_GetModemStatus  usart_stm32f4xx.o
    0x08005874   0x08005874   0x00000008   Code   RO          645    i.USART_GetRxCount  usart_stm32f4xx.o
    0x0800587c   0x0800587c   0x00000076   Code   RO          646    i.USART_GetStatus   usart_stm32f4xx.o
    0x080058f2   0x080058f2   0x00000008   Code   RO          647    i.USART_GetTxCount  usart_stm32f4xx.o
    0x080058fa   0x080058fa   0x00000272   Code   RO          648    i.USART_IRQHandler  usart_stm32f4xx.o
    0x08005b6c   0x08005b6c   0x00000092   Code   RO          649    i.USART_Initialize  usart_stm32f4xx.o
    0x08005bfe   0x08005bfe   0x00000002   PAD
    0x08005c00   0x08005c00   0x0000019c   Code   RO          650    i.USART_PeripheralReset  usart_stm32f4xx.o
    0x08005d9c   0x08005d9c   0x00000364   Code   RO          651    i.USART_PowerControl  usart_stm32f4xx.o
    0x08006100   0x08006100   0x000000a2   Code   RO          652    i.USART_Receive     usart_stm32f4xx.o
    0x080061a2   0x080061a2   0x00000088   Code   RO          653    i.USART_Send        usart_stm32f4xx.o
    0x0800622a   0x0800622a   0x0000008c   Code   RO          654    i.USART_SetModemControl  usart_stm32f4xx.o
    0x080062b6   0x080062b6   0x0000006a   Code   RO          655    i.USART_Transfer    usart_stm32f4xx.o
    0x08006320   0x08006320   0x0000006a   Code   RO          656    i.USART_Uninitialize  usart_stm32f4xx.o
    0x0800638a   0x0800638a   0x00000002   PAD
    0x0800638c   0x0800638c   0x00000010   Code   RO          657    i.USARTx_GetVersion  usart_stm32f4xx.o
    0x0800639c   0x0800639c   0x00000004   Code   RO          179    i.UsageFault_Handler  stm32f4xx_it.o
    0x080063a0   0x080063a0   0x00000010   Code   RO         1038    i.__NVIC_GetPriorityGrouping  stm32f4xx_hal_cortex.o
    0x080063b0   0x080063b0   0x00000028   Code   RO         1039    i.__NVIC_SetPriority  stm32f4xx_hal_cortex.o
    0x080063d8   0x080063d8   0x00000058   Code   RO          509    i.__user_perthread_libspace  rtx_lib.o
    0x08006430   0x08006430   0x0000000e   Code   RO         3232    i._is_digit         c_w.l(__printf_wp.o)
    0x0800643e   0x0800643e   0x00000016   Code   RO          510    i._mutex_acquire    rtx_lib.o
    0x08006454   0x08006454   0x0000000c   Code   RO          511    i._mutex_free       rtx_lib.o
    0x08006460   0x08006460   0x00000022   Code   RO          512    i._mutex_initialize  rtx_lib.o
    0x08006482   0x08006482   0x00000012   Code   RO          513    i._mutex_release    rtx_lib.o
    0x08006494   0x08006494   0x00000008   Code   RO          514    i._platform_post_stackheap_init  rtx_lib.o
    0x0800649c   0x0800649c   0x00000010   Code   RO          341    i.apagar_LED_azul   rgb.o
    0x080064ac   0x080064ac   0x00000010   Code   RO          342    i.apagar_LED_rojo   rgb.o
    0x080064bc   0x080064bc   0x00000010   Code   RO          343    i.apagar_LED_verde  rgb.o
    0x080064cc   0x080064cc   0x0000001c   Code   RO          423    i.app_main          thread.o
    0x080064e8   0x080064e8   0x00000018   Code   RO          344    i.encender_LED_azul  rgb.o
    0x08006500   0x08006500   0x00000018   Code   RO          345    i.encender_LED_rojo  rgb.o
    0x08006518   0x08006518   0x00000018   Code   RO          346    i.encender_LED_verde  rgb.o
    0x08006530   0x08006530   0x0000001a   Code   RO         3302    i.fputc             c_w.l(fputc.o)
    0x0800654a   0x0800654a   0x00000002   PAD
    0x0800654c   0x0800654c   0x0000018c   Code   RO          347    i.initRGB           rgb.o
    0x080066d8   0x080066d8   0x0000005c   Code   RO          472    i.init_USART        usart.o
    0x08006734   0x08006734   0x0000000c   Code   RO          348    i.intensidad_LED_azul  rgb.o
    0x08006740   0x08006740   0x0000000c   Code   RO          349    i.intensidad_LED_rojo  rgb.o
    0x0800674c   0x0800674c   0x0000000c   Code   RO          350    i.intensidad_LED_verde  rgb.o
    0x08006758   0x08006758   0x00000050   Code   RO            7    i.main              main.o
    0x080067a8   0x080067a8   0x00000020   Code   RO          593    i.osRtxErrorNotify  rtx_config.o
    0x080067c8   0x080067c8   0x00000004   Code   RO          594    i.osRtxIdleThread   rtx_config.o
    0x080067cc   0x080067cc   0x00000020   Code   RO          515    i.os_kernel_is_active  rtx_lib.o
    0x080067ec   0x080067ec   0x000004e0   Code   RO          424    i.rebotes           thread.o
    0x08006ccc   0x08006ccc   0x00000050   Code   RO          473    i.tx_USART          usart.o
    0x08006d1c   0x08006d1c   0x0000000a   Code   RO         3527    x$fpl$fpinit        fz_wm.l(fpinit.o)
    0x08006d26   0x08006d26   0x00000002   PAD
    0x08006d28   0x08006d28   0x00000024   Data   RO          426    .constdata          thread.o
    0x08006d4c   0x08006d4c   0x00000064   Data   RO          522    .constdata          rtx_lib.o
    0x08006db0   0x08006db0   0x00000088   Data   RO          659    .constdata          usart_stm32f4xx.o
    0x08006e38   0x08006e38   0x00000018   Data   RO         2681    .constdata          system_stm32f4xx.o
    0x08006e50   0x08006e50   0x00000001   Data   RO         2967    .constdata          RTX_CM4F.lib(irq_cm4f.o)
    0x08006e51   0x08006e51   0x00000028   Data   RO         3211    .constdata          c_w.l(_printf_hex_ptr.o)
    0x08006e79   0x08006e79   0x00000011   Data   RO         3240    .constdata          c_w.l(__printf_flags_ss_wp.o)
    0x08006e8a   0x08006e8a   0x00000004   Data   RO         3314    .constdata          c_w.l(sys_io.o)
    0x08006e8e   0x08006e8e   0x00000004   Data   RO         3315    .constdata          c_w.l(sys_io.o)
    0x08006e92   0x08006e92   0x00000004   Data   RO         3316    .constdata          c_w.l(sys_io.o)
    0x08006e96   0x08006e96   0x00000002   PAD
    0x08006e98   0x08006e98   0x000000a0   Data   RO          524    .rodata             rtx_lib.o
    0x08006f38   0x08006f38   0x0000000b   Data   RO         2768    .rodata.str1.4      RTX_CM4F.lib(rtx_kernel.o)
    0x08006f43   0x08006f43   0x00000001   PAD
    0x08006f44   0x08006f44   0x00000020   Data   RO         3613    Region$$Table       anon$$obj.o


    Execution Region RW_IRAM1 (Exec base: 0x20000000, Load base: 0x08006f64, Size: 0x00009518, Max: 0x00030000, ABSOLUTE, COMPRESSED[0x00000188])

    Exec Addr    Load Addr    Size         Type   Attr      Idx    E Section Name        Object

    0x20000000   COMPRESSED   0x00008040   Data   RW          516    .bss.os             rtx_lib.o
    0x20008040   COMPRESSED   0x000001f0   Data   RW          517    .bss.os.libspace    rtx_lib.o
    0x20008230   COMPRESSED   0x00000034   Data   RW          518    .bss.os.msgqueue.cb  rtx_lib.o
    0x20008264   COMPRESSED   0x00000050   Data   RW          519    .bss.os.msgqueue.mem  rtx_lib.o
    0x200082b4   COMPRESSED   0x00000088   Data   RW          520    .bss.os.thread.cb   rtx_lib.o
    0x2000833c   COMPRESSED   0x00000004   PAD
    0x20008340   COMPRESSED   0x00000400   Data   RW          521    .bss.os.thread.stack  rtx_lib.o
    0x20008740   COMPRESSED   0x00000004   Data   RW            8    .data               main.o
    0x20008744   COMPRESSED   0x000000b0   Data   RW          302    .data               joystick.o
    0x200087f4   COMPRESSED   0x00000038   Data   RW          427    .data               thread.o
    0x2000882c   COMPRESSED   0x00000004   Data   RW          474    .data               usart.o
    0x20008830   COMPRESSED   0x00000005   Data   RW          523    .data               rtx_lib.o
    0x20008835   COMPRESSED   0x00000003   PAD
    0x20008838   COMPRESSED   0x00000009   Data   RW          851    .data               stm32f4xx_hal.o
    0x20008841   COMPRESSED   0x00000003   PAD
    0x20008844   COMPRESSED   0x00000004   Data   RW         2682    .data               system_stm32f4xx.o
    0x20008848   COMPRESSED   0x00000004   Data   RW         3275    .data               c_w.l(stdio_streams.o)
    0x2000884c   COMPRESSED   0x00000004   Data   RW         3276    .data               c_w.l(stdio_streams.o)
    0x20008850   COMPRESSED   0x00000004   Data   RW         3277    .data               c_w.l(stdio_streams.o)
    0x20008854   COMPRESSED   0x00000004   Data   RW         3380    .data               c_w.l(streamlock.o)
    0x20008858   COMPRESSED   0x000000a4   Data   RW         2769    .data.os            RTX_CM4F.lib(rtx_kernel.o)
    0x200088fc        -       0x00000080   Zero   RW          351    .bss                rgb.o
    0x2000897c   COMPRESSED   0x00000004   PAD
    0x20008980        -       0x00000400   Zero   RW          425    .bss                thread.o
    0x20008d80        -       0x00000038   Zero   RW          658    .bss                usart_stm32f4xx.o
    0x20008db8        -       0x00000054   Zero   RW         3272    .bss                c_w.l(stdio_streams.o)
    0x20008e0c        -       0x00000054   Zero   RW         3273    .bss                c_w.l(stdio_streams.o)
    0x20008e60        -       0x00000054   Zero   RW         3274    .bss                c_w.l(stdio_streams.o)
    0x20008eb4        -       0x00000060   Zero   RW         3467    .bss                c_w.l(libspace.o)
    0x20008f14        -       0x00000001   Zero   RW         3115    .bss.PendST         RTX_CM4F.lib(os_systick.o)
    0x20008f15   COMPRESSED   0x00000003   PAD
    0x20008f18        -       0x00000200   Zero   RW         2670    HEAP                startup_stm32f429xx.o
    0x20009118        -       0x00000400   Zero   RW         2669    STACK               startup_stm32f429xx.o


==============================================================================

Image component sizes


      Code (inc. data)   RO Data    RW Data    ZI Data      Debug   Object Name

       676         94          0        176          0       3927   joystick.o
       720        320          0          4          0     751405   main.o
       552         52          0          0        128       5551   rgb.o
        36          6          0          0          0       1069   rtx_config.o
       214         12        260      34625          0      13734   rtx_lib.o
        64         26        428          0       1536        868   startup_stm32f429xx.o
       124         16          0          9          0       8369   stm32f4xx_hal.o
       356         28          0          0          0      35881   stm32f4xx_hal_cortex.o
       170          0          0          0          0       1640   stm32f4xx_hal_dma.o
       980        106          0          0          0       5180   stm32f4xx_hal_gpio.o
       348         36          0          0          0       2415   stm32f4xx_hal_msp.o
       140         12          0          0          0       1612   stm32f4xx_hal_pwr_ex.o
      1768         74          0          0          0       5681   stm32f4xx_hal_rcc.o
      1666        100          0          0          0      14449   stm32f4xx_hal_tim.o
       296         30          0          0          0       2568   stm32f4xx_hal_tim_ex.o
        70          0          0          0          0       4603   stm32f4xx_it.o
       220         26         24          4          0       2191   system_stm32f4xx.o
      1564        498         36         56       1024       3780   thread.o
       172         12          0          4          0       2024   usart.o
      5884        240        136          0         56      59918   usart_stm32f4xx.o

    ----------------------------------------------------------------------
     16034       1688        916      34888       2748     926865   Object Totals
         0          0         32          0          0          0   (incl. Generated)
        14          0          0         10          4          0   (incl. Padding)

    ----------------------------------------------------------------------

      Code (inc. data)   RO Data    RW Data    ZI Data      Debug   Library Member Name

       196         12          1          0          0        540   irq_cm4f.o
       126         32          0          0          1       3108   os_systick.o
        56          4          0          0          0       2854   rtx_delay.o
       666         60         11        164          0      17231   rtx_kernel.o
       242          0          0          0          0       2478   rtx_memory.o
       186          0          0          0          0      16576   rtx_mempool.o
      1350         28          0          0          0      18694   rtx_msgqueue.o
       890         32          0          0          0      10004   rtx_mutex.o
       368         26          0          0          0       5437   rtx_system.o
      2090        124          0          0          0      32850   rtx_thread.o
       216         20          0          0          0      10445   rtx_timer.o
        24          4          0          0          0         84   __2printf.o
        44          6          0          0          0         84   __2sprintf.o
        90          0          0          0          0          0   __dczerorl2.o
         8          0          0          0          0         68   __main.o
       392          4         17          0          0         92   __printf_flags_ss_wp.o
        14          0          0          0          0         68   __printf_wp.o
         0          0          0          0          0          0   __rtentry.o
        20          0          0          0          0          0   __rtentry2.o
         6          0          0          0          0          0   __rtentry4.o
        52          8          0          0          0          0   __scatter.o
        28          0          0          0          0          0   __scatter_zi.o
        44          0          0          0          0        108   _printf_char.o
        48          6          0          0          0         96   _printf_char_common.o
        64          6          0          0          0         84   _printf_char_file_locked.o
        40          0          0          0          0         68   _printf_charcount.o
        84          6         40          0          0         88   _printf_hex_ptr.o
       178          0          0          0          0         88   _printf_intcommon.o
         6          0          0          0          0          0   _printf_n.o
         6          0          0          0          0          0   _printf_p.o
        78          0          0          0          0        108   _printf_pad.o
         0          0          0          0          0          0   _printf_percent.o
         4          0          0          0          0          0   _printf_percent_end.o
         6          0          0          0          0          0   _printf_s.o
        82          0          0          0          0         80   _printf_str.o
        10          0          0          0          0         68   _sputc.o
        10          0          0          0          0         68   defsig_exit.o
        50          0          0          0          0         88   defsig_general.o
        80         58          0          0          0         76   defsig_rtmem_inner.o
        14          0          0          0          0         80   defsig_rtmem_outer.o
        52         38          0          0          0         76   defsig_rtred_inner.o
        14          0          0          0          0         80   defsig_rtred_outer.o
        18          0          0          0          0         80   exit.o
        76          0          0          0          0         88   fclose.o
       470          0          0          0          0         88   flsbuf.o
       324          8          0          0          0        152   fopen_locked.o
        26          0          0          0          0         68   fputc.o
       248          6          0          0          0         84   fseek.o
        66          0          0          0          0         76   ftell.o
       158          0          0          0          0        128   h1_alloc_mt.o
        62          0          0          0          0         80   h1_extend_mt.o
        10          0          0          0          0         76   h1_final_mt.o
       118          0          0          0          0        108   h1_free_mt.o
        18          0          0          0          0         84   h1_init_mt.o
         6          0          0          0          0        152   heapauxi.o
         4          0          0          0          0        136   hguard.o
         0          0          0          0          0          0   indicate_semi.o
       138          0          0          0          0        168   init_alloc.o
       456         48          0          0          0        116   initio_locked.o
         2          0          0          0          0          0   libinit.o
        18          0          0          0          0          0   libinit2.o
         2          0          0          0          0          0   libshutdown.o
        10          0          0          0          0          0   libshutdown2.o
         8          4          0          0         96         68   libspace.o
       238          0          0          0          0        100   lludivv7m.o
         0          0          0          0          0          0   maybetermalloc2.o
         4          0          0          0          0         68   rt_errno_addr_twolibspace.o
        10          0          0          0          0         76   rt_heap_descriptor_twolibspace.o
        68          0          0          0          0         68   rt_memclr.o
        78          0          0          0          0         80   rt_memclr_w.o
       138          0          0          0          0         68   rt_memcpy_v6.o
       100          0          0          0          0         80   rt_memcpy_w.o
         2          0          0          0          0          0   rtexit.o
        10          0          0          0          0          0   rtexit2.o
       104          0          0          0          0         88   setvbuf_locked.o
       240          6          0          0          0        156   stdio.o
         0          0          0         12        252          0   stdio_streams.o
         0          0          0          4          0          0   streamlock.o
        62          0          0          0          0         76   strlen.o
        12          4          0          0          0         68   sys_exit.o
       102          0         12          0          0        240   sys_io.o
        74          0          0          0          0         80   sys_stackheap_outer.o
        14          0          0          0          0         76   sys_wrch.o
        16          0          0          0          0         80   term_alloc.o
         2          0          0          0          0         68   use_no_semi.o
        10          0          0          0          0        116   fpinit.o

    ----------------------------------------------------------------------
     11482        550         84        180        352     125209   Library Totals
        26          0          3          0          3          0   (incl. Padding)

    ----------------------------------------------------------------------

      Code (inc. data)   RO Data    RW Data    ZI Data      Debug   Library Name

      6386        338         12        164          1     120217   RTX_CM4F.lib
      5060        212         69         16        348       4876   c_w.l
        10          0          0          0          0        116   fz_wm.l

    ----------------------------------------------------------------------
     11482        550         84        180        352     125209   Library Totals

    ----------------------------------------------------------------------

==============================================================================


      Code (inc. data)   RO Data    RW Data    ZI Data      Debug   

     27516       2238       1000      35068       3100    1038230   Grand Totals
     27516       2238       1000        392       3100    1038230   ELF Image Totals (compressed)
     27516       2238       1000        392          0          0   ROM Totals

==============================================================================

    Total RO  Size (Code + RO Data)                28516 (  27.85kB)
    Total RW  Size (RW Data + ZI Data)             38168 (  37.27kB)
    Total ROM Size (Code + RO Data + RW Data)      28908 (  28.23kB)

==============================================================================

